Archive member included to satisfy reference by file (symbol)

d:/programs/st/stm32cubeide_1.10.1/stm32cubeide/plugins/com.st.stm32cube.ide.mcu.externaltools.gnu-tools-for-stm32.10.3-2021.10.win32_1.0.0.202111181127/tools/bin/../lib/gcc/arm-none-eabi/10.3.1/../../../../arm-none-eabi/lib/thumb/v7e-m+dp/hard\libc_nano.a(lib_a-errno.o)
                              ./Core/Src/syscalls.o (__errno)
d:/programs/st/stm32cubeide_1.10.1/stm32cubeide/plugins/com.st.stm32cube.ide.mcu.externaltools.gnu-tools-for-stm32.10.3-2021.10.win32_1.0.0.202111181127/tools/bin/../lib/gcc/arm-none-eabi/10.3.1/../../../../arm-none-eabi/lib/thumb/v7e-m+dp/hard\libc_nano.a(lib_a-exit.o)
                              d:/programs/st/stm32cubeide_1.10.1/stm32cubeide/plugins/com.st.stm32cube.ide.mcu.externaltools.gnu-tools-for-stm32.10.3-2021.10.win32_1.0.0.202111181127/tools/bin/../lib/gcc/arm-none-eabi/10.3.1/../../../../arm-none-eabi/lib/thumb/v7e-m+dp/hard/crt0.o (exit)
d:/programs/st/stm32cubeide_1.10.1/stm32cubeide/plugins/com.st.stm32cube.ide.mcu.externaltools.gnu-tools-for-stm32.10.3-2021.10.win32_1.0.0.202111181127/tools/bin/../lib/gcc/arm-none-eabi/10.3.1/../../../../arm-none-eabi/lib/thumb/v7e-m+dp/hard\libc_nano.a(lib_a-impure.o)
                              d:/programs/st/stm32cubeide_1.10.1/stm32cubeide/plugins/com.st.stm32cube.ide.mcu.externaltools.gnu-tools-for-stm32.10.3-2021.10.win32_1.0.0.202111181127/tools/bin/../lib/gcc/arm-none-eabi/10.3.1/../../../../arm-none-eabi/lib/thumb/v7e-m+dp/hard\libc_nano.a(lib_a-exit.o) (_global_impure_ptr)
d:/programs/st/stm32cubeide_1.10.1/stm32cubeide/plugins/com.st.stm32cube.ide.mcu.externaltools.gnu-tools-for-stm32.10.3-2021.10.win32_1.0.0.202111181127/tools/bin/../lib/gcc/arm-none-eabi/10.3.1/../../../../arm-none-eabi/lib/thumb/v7e-m+dp/hard\libc_nano.a(lib_a-init.o)
                              d:/programs/st/stm32cubeide_1.10.1/stm32cubeide/plugins/com.st.stm32cube.ide.mcu.externaltools.gnu-tools-for-stm32.10.3-2021.10.win32_1.0.0.202111181127/tools/bin/../lib/gcc/arm-none-eabi/10.3.1/../../../../arm-none-eabi/lib/thumb/v7e-m+dp/hard/crt0.o (__libc_init_array)
d:/programs/st/stm32cubeide_1.10.1/stm32cubeide/plugins/com.st.stm32cube.ide.mcu.externaltools.gnu-tools-for-stm32.10.3-2021.10.win32_1.0.0.202111181127/tools/bin/../lib/gcc/arm-none-eabi/10.3.1/../../../../arm-none-eabi/lib/thumb/v7e-m+dp/hard\libc_nano.a(lib_a-memcpy-stub.o)
                              ./Drivers/STM32H7xx_HAL_Driver/stm32h7xx_hal_fdcan.o (memcpy)
d:/programs/st/stm32cubeide_1.10.1/stm32cubeide/plugins/com.st.stm32cube.ide.mcu.externaltools.gnu-tools-for-stm32.10.3-2021.10.win32_1.0.0.202111181127/tools/bin/../lib/gcc/arm-none-eabi/10.3.1/../../../../arm-none-eabi/lib/thumb/v7e-m+dp/hard\libc_nano.a(lib_a-memset.o)
                              d:/programs/st/stm32cubeide_1.10.1/stm32cubeide/plugins/com.st.stm32cube.ide.mcu.externaltools.gnu-tools-for-stm32.10.3-2021.10.win32_1.0.0.202111181127/tools/bin/../lib/gcc/arm-none-eabi/10.3.1/../../../../arm-none-eabi/lib/thumb/v7e-m+dp/hard/crt0.o (memset)
d:/programs/st/stm32cubeide_1.10.1/stm32cubeide/plugins/com.st.stm32cube.ide.mcu.externaltools.gnu-tools-for-stm32.10.3-2021.10.win32_1.0.0.202111181127/tools/bin/../lib/gcc/arm-none-eabi/10.3.1/../../../../arm-none-eabi/lib/thumb/v7e-m+dp/hard\libc_nano.a(lib_a-printf.o)
                              ./Core/Src/main.o (printf)
d:/programs/st/stm32cubeide_1.10.1/stm32cubeide/plugins/com.st.stm32cube.ide.mcu.externaltools.gnu-tools-for-stm32.10.3-2021.10.win32_1.0.0.202111181127/tools/bin/../lib/gcc/arm-none-eabi/10.3.1/../../../../arm-none-eabi/lib/thumb/v7e-m+dp/hard\libc_nano.a(lib_a-findfp.o)
                              d:/programs/st/stm32cubeide_1.10.1/stm32cubeide/plugins/com.st.stm32cube.ide.mcu.externaltools.gnu-tools-for-stm32.10.3-2021.10.win32_1.0.0.202111181127/tools/bin/../lib/gcc/arm-none-eabi/10.3.1/../../../../arm-none-eabi/lib/thumb/v7e-m+dp/hard\libc_nano.a(lib_a-printf.o) (__sinit)
d:/programs/st/stm32cubeide_1.10.1/stm32cubeide/plugins/com.st.stm32cube.ide.mcu.externaltools.gnu-tools-for-stm32.10.3-2021.10.win32_1.0.0.202111181127/tools/bin/../lib/gcc/arm-none-eabi/10.3.1/../../../../arm-none-eabi/lib/thumb/v7e-m+dp/hard\libc_nano.a(lib_a-fwalk.o)
                              d:/programs/st/stm32cubeide_1.10.1/stm32cubeide/plugins/com.st.stm32cube.ide.mcu.externaltools.gnu-tools-for-stm32.10.3-2021.10.win32_1.0.0.202111181127/tools/bin/../lib/gcc/arm-none-eabi/10.3.1/../../../../arm-none-eabi/lib/thumb/v7e-m+dp/hard\libc_nano.a(lib_a-findfp.o) (_fwalk)
d:/programs/st/stm32cubeide_1.10.1/stm32cubeide/plugins/com.st.stm32cube.ide.mcu.externaltools.gnu-tools-for-stm32.10.3-2021.10.win32_1.0.0.202111181127/tools/bin/../lib/gcc/arm-none-eabi/10.3.1/../../../../arm-none-eabi/lib/thumb/v7e-m+dp/hard\libc_nano.a(lib_a-lock.o)
[...]
Memory Configuration

Name             Origin             Length             Attributes
RAM_D1           0x0000000024000000 0x0000000000080000 xrw
FLASH            0x0000000008000000 0x0000000000100000 xr
DTCMRAM          0x0000000020000000 0x0000000000020000 xrw
RAM_D2           0x0000000030000000 0x0000000000048000 xrw
RAM_D3           0x0000000038000000 0x0000000000010000 xrw
ITCMRAM          0x0000000000000000 0x0000000000010000 xrw
*default*        0x0000000000000000 0xffffffffffffffff

Linker script and memory map

LOAD d:/programs/st/stm32cubeide_1.10.1/stm32cubeide/plugins/com.st.stm32cube.ide.mcu.externaltools.gnu-tools-for-stm32.10.3-2021.10.win32_1.0.0.202111181127/tools/bin/../lib/gcc/arm-none-eabi/10.3.1/thumb/v7e-m+dp/hard/crti.o
LOAD d:/programs/st/stm32cubeide_1.10.1/stm32cubeide/plugins/com.st.stm32cube.ide.mcu.externaltools.gnu-tools-for-stm32.10.3-2021.10.win32_1.0.0.202111181127/tools/bin/../lib/gcc/arm-none-eabi/10.3.1/thumb/v7e-m+dp/hard/crtbegin.o
LOAD d:/programs/st/stm32cubeide_1.10.1/stm32cubeide/plugins/com.st.stm32cube.ide.mcu.externaltools.gnu-tools-for-stm32.10.3-2021.10.win32_1.0.0.202111181127/tools/bin/../lib/gcc/arm-none-eabi/10.3.1/../../../../arm-none-eabi/lib/thumb/v7e-m+dp/hard/crt0.o
LOAD ./Common/Src/system_stm32h7xx_dualcore_boot_cm4_cm7.o
LOAD ./Core/Src/main.o
LOAD ./Core/Src/myprintf.o
LOAD ./Core/Src/stm32h7xx_hal_msp.o
LOAD ./Core/Src/stm32h7xx_it.o
LOAD ./Core/Src/syscalls.o
LOAD ./Core/Src/sysmem.o
LOAD ./Core/Startup/startup_stm32h745zitx.o
LOAD ./Drivers/STM32H7xx_HAL_Driver/stm32h7xx_hal.o
LOAD ./Drivers/STM32H7xx_HAL_Driver/stm32h7xx_hal_adc.o
LOAD ./Drivers/STM32H7xx_HAL_Driver/stm32h7xx_hal_adc_ex.o
LOAD ./Drivers/STM32H7xx_HAL_Driver/stm32h7xx_hal_cortex.o
LOAD ./Drivers/STM32H7xx_HAL_Driver/stm32h7xx_hal_dma.o
LOAD ./Drivers/STM32H7xx_HAL_Driver/stm32h7xx_hal_dma_ex.o
LOAD ./Drivers/STM32H7xx_HAL_Driver/stm32h7xx_hal_exti.o
LOAD ./Drivers/STM32H7xx_HAL_Driver/stm32h7xx_hal_fdcan.o
LOAD ./Drivers/STM32H7xx_HAL_Driver/stm32h7xx_hal_flash.o
LOAD ./Drivers/STM32H7xx_HAL_Driver/stm32h7xx_hal_flash_ex.o
LOAD ./Drivers/STM32H7xx_HAL_Driver/stm32h7xx_hal_gpio.o
LOAD ./Drivers/STM32H7xx_HAL_Driver/stm32h7xx_hal_hsem.o
LOAD ./Drivers/STM32H7xx_HAL_Driver/stm32h7xx_hal_i2c.o
LOAD ./Drivers/STM32H7xx_HAL_Driver/stm32h7xx_hal_i2c_ex.o
LOAD ./Drivers/STM32H7xx_HAL_Driver/stm32h7xx_hal_mdma.o
LOAD ./Drivers/STM32H7xx_HAL_Driver/stm32h7xx_hal_pwr.o
LOAD ./Drivers/STM32H7xx_HAL_Driver/stm32h7xx_hal_pwr_ex.o
LOAD ./Drivers/STM32H7xx_HAL_Driver/stm32h7xx_hal_rcc.o
LOAD ./Drivers/STM32H7xx_HAL_Driver/stm32h7xx_hal_rcc_ex.o
LOAD ./Drivers/STM32H7xx_HAL_Driver/stm32h7xx_hal_tim.o
LOAD ./Drivers/STM32H7xx_HAL_Driver/stm32h7xx_hal_tim_ex.o
LOAD ./Drivers/STM32H7xx_HAL_Driver/stm32h7xx_hal_uart.o
LOAD ./Drivers/STM32H7xx_HAL_Driver/stm32h7xx_hal_uart_ex.o
START GROUP
LOAD d:/programs/st/stm32cubeide_1.10.1/stm32cubeide/plugins/com.st.stm32cube.ide.mcu.externaltools.gnu-tools-for-stm32.10.3-2021.10.win32_1.0.0.202111181127/tools/bin/../lib/gcc/arm-none-eabi/10.3.1/../../../../arm-none-eabi/lib/thumb/v7e-m+dp/hard\libc_nano.a
LOAD d:/programs/st/stm32cubeide_1.10.1/stm32cubeide/plugins/com.st.stm32cube.ide.mcu.externaltools.gnu-tools-for-stm32.10.3-2021.10.win32_1.0.0.202111181127/tools/bin/../lib/gcc/arm-none-eabi/10.3.1/../../../../arm-none-eabi/lib/thumb/v7e-m+dp/hard\libm.a
END GROUP
START GROUP
LOAD d:/programs/st/stm32cubeide_1.10.1/stm32cubeide/plugins/com.st.stm32cube.ide.mcu.externaltools.gnu-tools-for-stm32.10.3-2021.10.win32_1.0.0.202111181127/tools/bin/../lib/gcc/arm-none-eabi/10.3.1/thumb/v7e-m+dp/hard\libgcc.a
LOAD d:/programs/st/stm32cubeide_1.10.1/stm32cubeide/plugins/com.st.stm32cube.ide.mcu.externaltools.gnu-tools-for-stm32.10.3-2021.10.win32_1.0.0.202111181127/tools/bin/../lib/gcc/arm-none-eabi/10.3.1/../../../../arm-none-eabi/lib/thumb/v7e-m+dp/hard\libc_nano.a
END GROUP
START GROUP
LOAD d:/programs/st/stm32cubeide_1.10.1/stm32cubeide/plugins/com.st.stm32cube.ide.mcu.externaltools.gnu-tools-for-stm32.10.3-2021.10.win32_1.0.0.202111181127/tools/bin/../lib/gcc/arm-none-eabi/10.3.1/thumb/v7e-m+dp/hard\libgcc.a
LOAD d:/programs/st/stm32cubeide_1.10.1/stm32cubeide/plugins/com.st.stm32cube.ide.mcu.externaltools.gnu-tools-for-stm32.10.3-2021.10.win32_1.0.0.202111181127/tools/bin/../lib/gcc/arm-none-eabi/10.3.1/../../../../arm-none-eabi/lib/thumb/v7e-m+dp/hard\libc_nano.a
LOAD d:/programs/st/stm32cubeide_1.10.1/stm32cubeide/plugins/com.st.stm32cube.ide.mcu.externaltools.gnu-tools-for-stm32.10.3-2021.10.win32_1.0.0.202111181127/tools/bin/../lib/gcc/arm-none-eabi/10.3.1/../../../../arm-none-eabi/lib/thumb/v7e-m+dp/hard\libnosys.a
END GROUP
START GROUP
LOAD d:/programs/st/stm32cubeide_1.10.1/stm32cubeide/plugins/com.st.stm32cube.ide.mcu.externaltools.gnu-tools-for-stm32.10.3-2021.10.win32_1.0.0.202111181127/tools/bin/../lib/gcc/arm-none-eabi/10.3.1/thumb/v7e-m+dp/hard\libgcc.a
LOAD d:/programs/st/stm32cubeide_1.10.1/stm32cubeide/plugins/com.st.stm32cube.ide.mcu.externaltools.gnu-tools-for-stm32.10.3-2021.10.win32_1.0.0.202111181127/tools/bin/../lib/gcc/arm-none-eabi/10.3.1/../../../../arm-none-eabi/lib/thumb/v7e-m+dp/hard\libc_nano.a
LOAD d:/programs/st/stm32cubeide_1.10.1/stm32cubeide/plugins/com.st.stm32cube.ide.mcu.externaltools.gnu-tools-for-stm32.10.3-2021.10.win32_1.0.0.202111181127/tools/bin/../lib/gcc/arm-none-eabi/10.3.1/../../../../arm-none-eabi/lib/thumb/v7e-m+dp/hard\libnosys.a
END GROUP
LOAD d:/programs/st/stm32cubeide_1.10.1/stm32cubeide/plugins/com.st.stm32cube.ide.mcu.externaltools.gnu-tools-for-stm32.10.3-2021.10.win32_1.0.0.202111181127/tools/bin/../lib/gcc/arm-none-eabi/10.3.1/thumb/v7e-m+dp/hard/crtend.o
LOAD d:/programs/st/stm32cubeide_1.10.1/stm32cubeide/plugins/com.st.stm32cube.ide.mcu.externaltools.gnu-tools-for-stm32.10.3-2021.10.win32_1.0.0.202111181127/tools/bin/../lib/gcc/arm-none-eabi/10.3.1/thumb/v7e-m+dp/hard/crtn.o
                0x0000000024080000                _estack = (ORIGIN (RAM_D1) + LENGTH (RAM_D1))
                0x0000000000000200                _Min_Heap_Size = 0x200
                0x0000000000000400                _Min_Stack_Size = 0x400

.isr_vector     0x0000000008000000      0x298
                0x0000000008000000                . = ALIGN (0x4)
 *(.isr_vector)
 .isr_vector    0x0000000008000000      0x298 ./Core/Startup/startup_stm32h745zitx.o
                0x0000000008000000                g_pfnVectors
                0x0000000008000298                . = ALIGN (0x4)

.text           0x00000000080002a0     0x91e4
                0x00000000080002a0                . = ALIGN (0x4)
 *(.text)
 .text          0x00000000080002a0       0x40 d:/programs/st/stm32cubeide_1.10.1/stm32cubeide/plugins/com.st.stm32cube.ide.mcu.externaltools.gnu-tools-for-stm32.10.3-2021.10.win32_1.0.0.202111181127/tools/bin/../lib/gcc/arm-none-eabi/10.3.1/thumb/v7e-m+dp/hard/crtbegin.o
 .text          0x00000000080002e0       0xa0 d:/programs/st/stm32cubeide_1.10.1/stm32cubeide/plugins/com.st.stm32cube.ide.mcu.externaltools.gnu-tools-for-stm32.10.3-2021.10.win32_1.0.0.202111181127/tools/bin/../lib/gcc/arm-none-eabi/10.3.1/../../../../arm-none-eabi/lib/thumb/v7e-m+dp/hard\libc_nano.a(lib_a-memchr.o)
                0x00000000080002e0                memchr
 .text          0x0000000008000380       0x30 d:/programs/st/stm32cubeide_1.10.1/stm32cubeide/plugins/com.st.stm32cube.ide.mcu.externaltools.gnu-tools-for-stm32.10.3-2021.10.win32_1.0.0.202111181127/tools/bin/../lib/gcc/arm-none-eabi/10.3.1/thumb/v7e-m+dp/hard\libgcc.a(_aeabi_uldivmod.o)
                0x0000000008000380                __aeabi_uldivmod
 .text          0x00000000080003b0      0x2d0 d:/programs/st/stm32cubeide_1.10.1/stm32cubeide/plugins/com.st.stm32cube.ide.mcu.externaltools.gnu-tools-for-stm32.10.3-2021.10.win32_1.0.0.202111181127/tools/bin/../lib/gcc/arm-none-eabi/10.3.1/thumb/v7e-m+dp/hard\libgcc.a(_udivmoddi4.o)
                0x00000000080003b0                __udivmoddi4
 .text          0x0000000008000680        0x4 d:/programs/st/stm32cubeide_1.10.1/stm32cubeide/plugins/com.st.stm32cube.ide.mcu.externaltools.gnu-tools-for-stm32.10.3-2021.10.win32_1.0.0.202111181127/tools/bin/../lib/gcc/arm-none-eabi/10.3.1/thumb/v7e-m+dp/hard\libgcc.a(_dvmd_tls.o)
                0x0000000008000680                __aeabi_idiv0
                0x0000000008000680                __aeabi_ldiv0
 *(.text*)
 .text.SystemInit
                0x0000000008000684      0x12c ./Common/Src/system_stm32h7xx_dualcore_boot_cm4_cm7.o
                0x0000000008000684                SystemInit
 .text.main     0x00000000080007b0      0x2c8 ./Core/Src/main.o
                0x00000000080007b0                main
 .text.SystemClock_Config
                0x0000000008000a78      0x108 ./Core/Src/main.o
                0x0000000008000a78                SystemClock_Config
 .text.MX_ADC3_Init
                0x0000000008000b80       0xc4 ./Core/Src/main.o
 .text.MX_FDCAN1_Init
                0x0000000008000c44      0x15c ./Core/Src/main.o
 .text.MX_USART3_UART_Init
                0x0000000008000da0       0x98 ./Core/Src/main.o
 .text.MX_GPIO_Init
                0x0000000008000e38      0x14c ./Core/Src/main.o
 .text.Error_Handler
                0x0000000008000f84        0xa ./Core/Src/main.o
                0x0000000008000f84                Error_Handler
 *fill*         0x0000000008000f8e        0x2 
 .text.__io_putchar
                0x0000000008000f90       0x24 ./Core/Src/myprintf.o
                0x0000000008000f90                __io_putchar
 .text.HAL_MspInit
                0x0000000008000fb4       0x34 ./Core/Src/stm32h7xx_hal_msp.o
                0x0000000008000fb4                HAL_MspInit
 .text.HAL_ADC_MspInit
                0x0000000008000fe8       0xe0 ./Core/Src/stm32h7xx_hal_msp.o
                0x0000000008000fe8                HAL_ADC_MspInit
 .text.HAL_FDCAN_MspInit
                0x00000000080010c8       0xf4 ./Core/Src/stm32h7xx_hal_msp.o
                0x00000000080010c8                HAL_FDCAN_MspInit
 .text.HAL_UART_MspInit
                0x00000000080011bc       0xcc ./Core/Src/stm32h7xx_hal_msp.o
                0x00000000080011bc                HAL_UART_MspInit
 .text.NMI_Handler
                0x0000000008001288        0x6 ./Core/Src/stm32h7xx_it.o
                0x0000000008001288                NMI_Handler
 .text.HardFault_Handler
                0x000000000800128e        0x6 ./Core/Src/stm32h7xx_it.o
                0x000000000800128e                HardFault_Handler
 .text.MemManage_Handler
                0x0000000008001294        0x6 ./Core/Src/stm32h7xx_it.o
                0x0000000008001294                MemManage_Handler
 .text.BusFault_Handler
                0x000000000800129a        0x6 ./Core/Src/stm32h7xx_it.o
                0x000000000800129a                BusFault_Handler
 .text.UsageFault_Handler
                0x00000000080012a0        0x6 ./Core/Src/stm32h7xx_it.o
                0x00000000080012a0                UsageFault_Handler
 .text.SVC_Handler
                0x00000000080012a6        0xe ./Core/Src/stm32h7xx_it.o
                0x00000000080012a6                SVC_Handler
 .text.DebugMon_Handler
                0x00000000080012b4        0xe ./Core/Src/stm32h7xx_it.o
                0x00000000080012b4                DebugMon_Handler
 .text.PendSV_Handler
                0x00000000080012c2        0xe ./Core/Src/stm32h7xx_it.o
                0x00000000080012c2                PendSV_Handler
 .text.SysTick_Handler
                0x00000000080012d0        0xc ./Core/Src/stm32h7xx_it.o
                0x00000000080012d0                SysTick_Handler
 .text._read    0x00000000080012dc       0x3a ./Core/Src/syscalls.o
                0x00000000080012dc                _read
 .text._write   0x0000000008001316       0x38 ./Core/Src/syscalls.o
                0x0000000008001316                _write
 .text._close   0x000000000800134e       0x18 ./Core/Src/syscalls.o
                0x000000000800134e                _close
 .text._fstat   0x0000000008001366       0x20 ./Core/Src/syscalls.o
                0x0000000008001366                _fstat
 .text._isatty  0x0000000008001386       0x16 ./Core/Src/syscalls.o
                0x0000000008001386                _isatty
 .text._lseek   0x000000000800139c       0x1a ./Core/Src/syscalls.o
                0x000000000800139c                _lseek
 *fill*         0x00000000080013b6        0x2 
 .text._sbrk    0x00000000080013b8       0x6c ./Core/Src/sysmem.o
                0x00000000080013b8                _sbrk
 .text.Reset_Handler
                0x0000000008001424       0x50 ./Core/Startup/startup_stm32h745zitx.o
                0x0000000008001424                Reset_Handler
 .text.Default_Handler
                0x0000000008001474        0x2 ./Core/Startup/startup_stm32h745zitx.o
                0x0000000008001474                RTC_Alarm_IRQHandler
                0x0000000008001474                EXTI2_IRQHandler
                0x0000000008001474                TIM8_CC_IRQHandler
                0x0000000008001474                HRTIM1_Master_IRQHandler
                0x0000000008001474                UART8_IRQHandler
                0x0000000008001474                SPI4_IRQHandler
                0x0000000008001474                TIM1_CC_IRQHandler
                0x0000000008001474                BDMA_Channel6_IRQHandler
                0x0000000008001474                DMA2_Stream5_IRQHandler
                0x0000000008001474                HRTIM1_FLT_IRQHandler
                0x0000000008001474                JPEG_IRQHandler
                0x0000000008001474                DMA1_Stream5_IRQHandler
                0x0000000008001474                BDMA_Channel1_IRQHandler
                0x0000000008001474                HRTIM1_TIMD_IRQHandler
                0x0000000008001474                TAMP_STAMP_IRQHandler
                0x0000000008001474                EXTI3_IRQHandler
                0x0000000008001474                LPTIM4_IRQHandler
                0x0000000008001474                TIM8_TRG_COM_TIM14_IRQHandler
                0x0000000008001474                LPTIM2_IRQHandler
                0x0000000008001474                DFSDM1_FLT1_IRQHandler
                0x0000000008001474                DMAMUX2_OVR_IRQHandler
                0x0000000008001474                TIM8_UP_TIM13_IRQHandler
                0x0000000008001474                I2C3_ER_IRQHandler
                0x0000000008001474                DFSDM1_FLT2_IRQHandler
                0x0000000008001474                MDMA_IRQHandler
                0x0000000008001474                LPTIM3_IRQHandler
                0x0000000008001474                HSEM1_IRQHandler
                0x0000000008001474                EXTI0_IRQHandler
                0x0000000008001474                I2C2_EV_IRQHandler
                0x0000000008001474                DMA1_Stream2_IRQHandler
                0x0000000008001474                FPU_IRQHandler
                0x0000000008001474                OTG_HS_WKUP_IRQHandler
                0x0000000008001474                FDCAN1_IT1_IRQHandler
                0x0000000008001474                LTDC_ER_IRQHandler
                0x0000000008001474                DMA2_Stream2_IRQHandler
                0x0000000008001474                HRTIM1_TIME_IRQHandler
                0x0000000008001474                SPI1_IRQHandler
                0x0000000008001474                TIM6_DAC_IRQHandler
                0x0000000008001474                DCMI_IRQHandler
                0x0000000008001474                HRTIM1_TIMC_IRQHandler
                0x0000000008001474                DMA2_Stream3_IRQHandler
                0x0000000008001474                SAI2_IRQHandler
                0x0000000008001474                DFSDM1_FLT3_IRQHandler
                0x0000000008001474                USART6_IRQHandler
                0x0000000008001474                TIM17_IRQHandler
                0x0000000008001474                USART3_IRQHandler
                0x0000000008001474                BDMA_Channel7_IRQHandler
                0x0000000008001474                LPTIM5_IRQHandler
                0x0000000008001474                UART5_IRQHandler
                0x0000000008001474                ADC3_IRQHandler
                0x0000000008001474                DMA2_Stream0_IRQHandler
                0x0000000008001474                TIM4_IRQHandler
                0x0000000008001474                BDMA_Channel2_IRQHandler
                0x0000000008001474                QUADSPI_IRQHandler
                0x0000000008001474                I2C1_EV_IRQHandler
                0x0000000008001474                DMA1_Stream6_IRQHandler
                0x0000000008001474                DMAMUX1_OVR_IRQHandler
                0x0000000008001474                DMA1_Stream1_IRQHandler
                0x0000000008001474                TIM16_IRQHandler
                0x0000000008001474                UART4_IRQHandler
                0x0000000008001474                BDMA_Channel5_IRQHandler
                0x0000000008001474                TIM3_IRQHandler
                0x0000000008001474                RCC_IRQHandler
                0x0000000008001474                TIM8_BRK_TIM12_IRQHandler
                0x0000000008001474                TIM1_TRG_COM_IRQHandler
                0x0000000008001474                Default_Handler
                0x0000000008001474                ECC_IRQHandler
                0x0000000008001474                CEC_IRQHandler
                0x0000000008001474                EXTI15_10_IRQHandler
                0x0000000008001474                BDMA_Channel0_IRQHandler
                0x0000000008001474                ADC_IRQHandler
                0x0000000008001474                DMA1_Stream7_IRQHandler
                0x0000000008001474                HRTIM1_TIMA_IRQHandler
                0x0000000008001474                SPI5_IRQHandler
                0x0000000008001474                TIM7_IRQHandler
                0x0000000008001474                SDMMC1_IRQHandler
                0x0000000008001474                TIM5_IRQHandler
                0x0000000008001474                DMA2_Stream7_IRQHandler
                0x0000000008001474                TIM15_IRQHandler
                0x0000000008001474                PVD_AVD_IRQHandler
                0x0000000008001474                I2C3_EV_IRQHandler
                0x0000000008001474                EXTI9_5_IRQHandler
                0x0000000008001474                RTC_WKUP_IRQHandler
                0x0000000008001474                LTDC_IRQHandler
                0x0000000008001474                SAI3_IRQHandler
                0x0000000008001474                ETH_WKUP_IRQHandler
                0x0000000008001474                SPDIF_RX_IRQHandler
                0x0000000008001474                SPI2_IRQHandler
                0x0000000008001474                OTG_HS_EP1_IN_IRQHandler
                0x0000000008001474                DMA1_Stream0_IRQHandler
                0x0000000008001474                CRS_IRQHandler
                0x0000000008001474                CM7_SEV_IRQHandler
                0x0000000008001474                EXTI4_IRQHandler
                0x0000000008001474                RNG_IRQHandler
                0x0000000008001474                CM4_SEV_IRQHandler
                0x0000000008001474                HRTIM1_TIMB_IRQHandler
                0x0000000008001474                FDCAN2_IT1_IRQHandler
                0x0000000008001474                ETH_IRQHandler
                0x0000000008001474                TIM1_UP_IRQHandler
                0x0000000008001474                WWDG_RST_IRQHandler
                0x0000000008001474                BDMA_Channel4_IRQHandler
                0x0000000008001474                OTG_HS_EP1_OUT_IRQHandler
                0x0000000008001474                WWDG_IRQHandler
                0x0000000008001474                SPI6_IRQHandler
                0x0000000008001474                MDIOS_IRQHandler
                0x0000000008001474                I2C4_EV_IRQHandler
                0x0000000008001474                FDCAN2_IT0_IRQHandler
                0x0000000008001474                LPUART1_IRQHandler
                0x0000000008001474                FDCAN1_IT0_IRQHandler
                0x0000000008001474                TIM2_IRQHandler
                0x0000000008001474                OTG_FS_WKUP_IRQHandler
                0x0000000008001474                OTG_HS_IRQHandler
                0x0000000008001474                HSEM2_IRQHandler
                0x0000000008001474                DMA2D_IRQHandler
                0x0000000008001474                TIM1_BRK_IRQHandler
                0x0000000008001474                EXTI1_IRQHandler
                0x0000000008001474                SDMMC2_IRQHandler
                0x0000000008001474                OTG_FS_EP1_OUT_IRQHandler
                0x0000000008001474                BDMA_Channel3_IRQHandler
                0x0000000008001474                HOLD_CORE_IRQHandler
                0x0000000008001474                UART7_IRQHandler
                0x0000000008001474                MDIOS_WKUP_IRQHandler
                0x0000000008001474                USART2_IRQHandler
                0x0000000008001474                DFSDM1_FLT0_IRQHandler
                0x0000000008001474                SAI4_IRQHandler
                0x0000000008001474                I2C2_ER_IRQHandler
                0x0000000008001474                DMA2_Stream1_IRQHandler
                0x0000000008001474                FLASH_IRQHandler
                0x0000000008001474                DMA2_Stream4_IRQHandler
                0x0000000008001474                USART1_IRQHandler
                0x0000000008001474                OTG_FS_IRQHandler
                0x0000000008001474                SPI3_IRQHandler
                0x0000000008001474                WAKEUP_PIN_IRQHandler
                0x0000000008001474                DMA1_Stream4_IRQHandler
                0x0000000008001474                OTG_FS_EP1_IN_IRQHandler
                0x0000000008001474                I2C1_ER_IRQHandler
                0x0000000008001474                FMC_IRQHandler
                0x0000000008001474                FDCAN_CAL_IRQHandler
                0x0000000008001474                SWPMI1_IRQHandler
                0x0000000008001474                COMP1_IRQHandler
                0x0000000008001474                LPTIM1_IRQHandler
                0x0000000008001474                I2C4_ER_IRQHandler
                0x0000000008001474                DMA2_Stream6_IRQHandler
                0x0000000008001474                SAI1_IRQHandler
                0x0000000008001474                DMA1_Stream3_IRQHandler
 *fill*         0x0000000008001476        0x2 
 .text.HAL_Init
                0x0000000008001478       0x78 ./Drivers/STM32H7xx_HAL_Driver/stm32h7xx_hal.o
                0x0000000008001478                HAL_Init
 .text.HAL_InitTick
                0x00000000080014f0       0x6c ./Drivers/STM32H7xx_HAL_Driver/stm32h7xx_hal.o
                0x00000000080014f0                HAL_InitTick
 .text.HAL_IncTick
                0x000000000800155c       0x28 ./Drivers/STM32H7xx_HAL_Driver/stm32h7xx_hal.o
                0x000000000800155c                HAL_IncTick
 .text.HAL_GetTick
                0x0000000008001584       0x18 ./Drivers/STM32H7xx_HAL_Driver/stm32h7xx_hal.o
                0x0000000008001584                HAL_GetTick
 .text.HAL_Delay
                0x000000000800159c       0x48 ./Drivers/STM32H7xx_HAL_Driver/stm32h7xx_hal.o
                0x000000000800159c                HAL_Delay
 .text.HAL_GetREVID
                0x00000000080015e4       0x18 ./Drivers/STM32H7xx_HAL_Driver/stm32h7xx_hal.o
                0x00000000080015e4                HAL_GetREVID
 .text.LL_ADC_SetCommonClock
                0x00000000080015fc       0x26 ./Drivers/STM32H7xx_HAL_Driver/stm32h7xx_hal_adc.o
 .text.LL_ADC_SetCommonPathInternalCh
                0x0000000008001622       0x26 ./Drivers/STM32H7xx_HAL_Driver/stm32h7xx_hal_adc.o
 .text.LL_ADC_GetCommonPathInternalCh
                0x0000000008001648       0x1c ./Drivers/STM32H7xx_HAL_Driver/stm32h7xx_hal_adc.o
 .text.LL_ADC_SetOffset
                0x0000000008001664       0x40 ./Drivers/STM32H7xx_HAL_Driver/stm32h7xx_hal_adc.o
 .text.LL_ADC_SetDataRightShift
                0x00000000080016a4       0x32 ./Drivers/STM32H7xx_HAL_Driver/stm32h7xx_hal_adc.o
 .text.LL_ADC_SetOffsetSignedSaturation
                0x00000000080016d6       0x36 ./Drivers/STM32H7xx_HAL_Driver/stm32h7xx_hal_adc.o
 .text.LL_ADC_REG_IsTriggerSourceSWStart
                0x000000000800170c       0x26 ./Drivers/STM32H7xx_HAL_Driver/stm32h7xx_hal_adc.o
 .text.LL_ADC_REG_SetSequencerRanks
                0x0000000008001732       0x58 ./Drivers/STM32H7xx_HAL_Driver/stm32h7xx_hal_adc.o
 .text.LL_ADC_SetChannelSamplingTime
                0x000000000800178a       0x56 ./Drivers/STM32H7xx_HAL_Driver/stm32h7xx_hal_adc.o
 .text.LL_ADC_SetChannelSingleDiff
                0x00000000080017e0       0x48 ./Drivers/STM32H7xx_HAL_Driver/stm32h7xx_hal_adc.o
 .text.LL_ADC_GetMultimode
                0x0000000008001828       0x1c ./Drivers/STM32H7xx_HAL_Driver/stm32h7xx_hal_adc.o
 .text.LL_ADC_GetMultiDMATransfer
                0x0000000008001844       0x1c ./Drivers/STM32H7xx_HAL_Driver/stm32h7xx_hal_adc.o
 .text.LL_ADC_DisableDeepPowerDown
                0x0000000008001860       0x24 ./Drivers/STM32H7xx_HAL_Driver/stm32h7xx_hal_adc.o
 .text.LL_ADC_IsDeepPowerDownEnabled
                0x0000000008001884       0x28 ./Drivers/STM32H7xx_HAL_Driver/stm32h7xx_hal_adc.o
 .text.LL_ADC_EnableInternalRegulator
                0x00000000080018ac       0x28 ./Drivers/STM32H7xx_HAL_Driver/stm32h7xx_hal_adc.o
 .text.LL_ADC_IsInternalRegulatorEnabled
                0x00000000080018d4       0x28 ./Drivers/STM32H7xx_HAL_Driver/stm32h7xx_hal_adc.o
 .text.LL_ADC_Enable
                0x00000000080018fc       0x28 ./Drivers/STM32H7xx_HAL_Driver/stm32h7xx_hal_adc.o
 .text.LL_ADC_IsEnabled
                0x0000000008001924       0x26 ./Drivers/STM32H7xx_HAL_Driver/stm32h7xx_hal_adc.o
 *fill*         0x000000000800194a        0x2 
 .text.LL_ADC_REG_StartConversion
                0x000000000800194c       0x28 ./Drivers/STM32H7xx_HAL_Driver/stm32h7xx_hal_adc.o
 .text.LL_ADC_REG_IsConversionOngoing
                0x0000000008001974       0x26 ./Drivers/STM32H7xx_HAL_Driver/stm32h7xx_hal_adc.o
 .text.LL_ADC_INJ_IsConversionOngoing
                0x000000000800199a       0x26 ./Drivers/STM32H7xx_HAL_Driver/stm32h7xx_hal_adc.o
 .text.HAL_ADC_Init
                0x00000000080019c0      0x344 ./Drivers/STM32H7xx_HAL_Driver/stm32h7xx_hal_adc.o
                0x00000000080019c0                HAL_ADC_Init
 .text.HAL_ADC_Start
                0x0000000008001d04      0x194 ./Drivers/STM32H7xx_HAL_Driver/stm32h7xx_hal_adc.o
                0x0000000008001d04                HAL_ADC_Start
 .text.HAL_ADC_PollForConversion
                0x0000000008001e98      0x1e8 ./Drivers/STM32H7xx_HAL_Driver/stm32h7xx_hal_adc.o
                0x0000000008001e98                HAL_ADC_PollForConversion
 .text.HAL_ADC_GetValue
                0x0000000008002080       0x1a ./Drivers/STM32H7xx_HAL_Driver/stm32h7xx_hal_adc.o
                0x0000000008002080                HAL_ADC_GetValue
 *fill*         0x000000000800209a        0x2 
 .text.HAL_ADC_ConfigChannel
                0x000000000800209c      0x6a0 ./Drivers/STM32H7xx_HAL_Driver/stm32h7xx_hal_adc.o
                0x000000000800209c                HAL_ADC_ConfigChannel
 .text.ADC_Enable
                0x000000000800273c      0x114 ./Drivers/STM32H7xx_HAL_Driver/stm32h7xx_hal_adc.o
                0x000000000800273c                ADC_Enable
 .text.ADC_ConfigureBoostMode
                0x0000000008002850      0x214 ./Drivers/STM32H7xx_HAL_Driver/stm32h7xx_hal_adc.o
                0x0000000008002850                ADC_ConfigureBoostMode
 .text.__NVIC_SetPriorityGrouping
                0x0000000008002a64       0x48 ./Drivers/STM32H7xx_HAL_Driver/stm32h7xx_hal_cortex.o
 .text.__NVIC_GetPriorityGrouping
                0x0000000008002aac       0x1c ./Drivers/STM32H7xx_HAL_Driver/stm32h7xx_hal_cortex.o
 .text.__NVIC_SetPriority
                0x0000000008002ac8       0x54 ./Drivers/STM32H7xx_HAL_Driver/stm32h7xx_hal_cortex.o
 .text.NVIC_EncodePriority
                0x0000000008002b1c       0x66 ./Drivers/STM32H7xx_HAL_Driver/stm32h7xx_hal_cortex.o
 *fill*         0x0000000008002b82        0x2 
 .text.SysTick_Config
                0x0000000008002b84       0x44 ./Drivers/STM32H7xx_HAL_Driver/stm32h7xx_hal_cortex.o
 .text.HAL_NVIC_SetPriorityGrouping
                0x0000000008002bc8       0x16 ./Drivers/STM32H7xx_HAL_Driver/stm32h7xx_hal_cortex.o
                0x0000000008002bc8                HAL_NVIC_SetPriorityGrouping
 .text.HAL_NVIC_SetPriority
                0x0000000008002bde       0x34 ./Drivers/STM32H7xx_HAL_Driver/stm32h7xx_hal_cortex.o
                0x0000000008002bde                HAL_NVIC_SetPriority
 .text.HAL_SYSTICK_Config
                0x0000000008002c12       0x18 ./Drivers/STM32H7xx_HAL_Driver/stm32h7xx_hal_cortex.o
                0x0000000008002c12                HAL_SYSTICK_Config
 *fill*         0x0000000008002c2a        0x2 
 .text.HAL_FDCAN_Init
                0x0000000008002c2c      0x3bc ./Drivers/STM32H7xx_HAL_Driver/stm32h7xx_hal_fdcan.o
                0x0000000008002c2c                HAL_FDCAN_Init
 .text.HAL_FDCAN_ConfigFilter
                0x0000000008002fe8       0xec ./Drivers/STM32H7xx_HAL_Driver/stm32h7xx_hal_fdcan.o
                0x0000000008002fe8                HAL_FDCAN_ConfigFilter
 .text.HAL_FDCAN_Start
                0x00000000080030d4       0x56 ./Drivers/STM32H7xx_HAL_Driver/stm32h7xx_hal_fdcan.o
                0x00000000080030d4                HAL_FDCAN_Start
 .text.HAL_FDCAN_AddMessageToTxFifoQ
                0x000000000800312a       0xb6 ./Drivers/STM32H7xx_HAL_Driver/stm32h7xx_hal_fdcan.o
                0x000000000800312a                HAL_FDCAN_AddMessageToTxFifoQ
 .text.HAL_FDCAN_GetRxMessage
                0x00000000080031e0      0x2dc ./Drivers/STM32H7xx_HAL_Driver/stm32h7xx_hal_fdcan.o
                0x00000000080031e0                HAL_FDCAN_GetRxMessage
 .text.HAL_FDCAN_ActivateNotification
                0x00000000080034bc       0xf4 ./Drivers/STM32H7xx_HAL_Driver/stm32h7xx_hal_fdcan.o
                0x00000000080034bc                HAL_FDCAN_ActivateNotification
 .text.FDCAN_CalcultateRamBlockAddresses
                0x00000000080035b0      0x30c ./Drivers/STM32H7xx_HAL_Driver/stm32h7xx_hal_fdcan.o
 .text.FDCAN_CopyMessageToRAM
                0x00000000080038bc       0xfc ./Drivers/STM32H7xx_HAL_Driver/stm32h7xx_hal_fdcan.o
 .text.HAL_GPIO_Init
                0x00000000080039b8      0x360 ./Drivers/STM32H7xx_HAL_Driver/stm32h7xx_hal_gpio.o
                0x00000000080039b8                HAL_GPIO_Init
 .text.HAL_GPIO_WritePin
                0x0000000008003d18       0x32 ./Drivers/STM32H7xx_HAL_Driver/stm32h7xx_hal_gpio.o
                0x0000000008003d18                HAL_GPIO_WritePin
 .text.HAL_GPIO_TogglePin
                0x0000000008003d4a       0x34 ./Drivers/STM32H7xx_HAL_Driver/stm32h7xx_hal_gpio.o
                0x0000000008003d4a                HAL_GPIO_TogglePin
 *fill*         0x0000000008003d7e        0x2 
 .text.HAL_HSEM_FastTake
                0x0000000008003d80       0x34 ./Drivers/STM32H7xx_HAL_Driver/stm32h7xx_hal_hsem.o
                0x0000000008003d80                HAL_HSEM_FastTake
 .text.HAL_HSEM_Release
                0x0000000008003db4       0x28 ./Drivers/STM32H7xx_HAL_Driver/stm32h7xx_hal_hsem.o
                0x0000000008003db4                HAL_HSEM_Release
 .text.HAL_PWREx_ConfigSupply
                0x0000000008003ddc       0xb4 ./Drivers/STM32H7xx_HAL_Driver/stm32h7xx_hal_pwr_ex.o
                0x0000000008003ddc                HAL_PWREx_ConfigSupply
 .text.HAL_RCC_OscConfig
                0x0000000008003e90      0x85c ./Drivers/STM32H7xx_HAL_Driver/stm32h7xx_hal_rcc.o
                0x0000000008003e90                HAL_RCC_OscConfig
 .text.HAL_RCC_ClockConfig
                0x00000000080046ec      0x36c ./Drivers/STM32H7xx_HAL_Driver/stm32h7xx_hal_rcc.o
                0x00000000080046ec                HAL_RCC_ClockConfig
 .text.HAL_RCC_GetSysClockFreq
                0x0000000008004a58      0x2f4 ./Drivers/STM32H7xx_HAL_Driver/stm32h7xx_hal_rcc.o
                0x0000000008004a58                HAL_RCC_GetSysClockFreq
 .text.HAL_RCC_GetHCLKFreq
                0x0000000008004d4c       0x60 ./Drivers/STM32H7xx_HAL_Driver/stm32h7xx_hal_rcc.o
                0x0000000008004d4c                HAL_RCC_GetHCLKFreq
 .text.HAL_RCC_GetPCLK1Freq
                0x0000000008004dac       0x2c ./Drivers/STM32H7xx_HAL_Driver/stm32h7xx_hal_rcc.o
                0x0000000008004dac                HAL_RCC_GetPCLK1Freq
 .text.HAL_RCC_GetPCLK2Freq
                0x0000000008004dd8       0x2c ./Drivers/STM32H7xx_HAL_Driver/stm32h7xx_hal_rcc.o
                0x0000000008004dd8                HAL_RCC_GetPCLK2Freq
 .text.HAL_RCCEx_PeriphCLKConfig
                0x0000000008004e04      0xe8c ./Drivers/STM32H7xx_HAL_Driver/stm32h7xx_hal_rcc_ex.o
                0x0000000008004e04                HAL_RCCEx_PeriphCLKConfig
 .text.HAL_RCCEx_GetPeriphCLKFreq
                0x0000000008005c90      0x9a4 ./Drivers/STM32H7xx_HAL_Driver/stm32h7xx_hal_rcc_ex.o
                0x0000000008005c90                HAL_RCCEx_GetPeriphCLKFreq
 .text.HAL_RCCEx_GetD3PCLK1Freq
                0x0000000008006634       0x2c ./Drivers/STM32H7xx_HAL_Driver/stm32h7xx_hal_rcc_ex.o
                0x0000000008006634                HAL_RCCEx_GetD3PCLK1Freq
 .text.HAL_RCCEx_GetPLL2ClockFreq
                0x0000000008006660      0x2a8 ./Drivers/STM32H7xx_HAL_Driver/stm32h7xx_hal_rcc_ex.o
                0x0000000008006660                HAL_RCCEx_GetPLL2ClockFreq
 .text.HAL_RCCEx_GetPLL3ClockFreq
                0x0000000008006908      0x2a8 ./Drivers/STM32H7xx_HAL_Driver/stm32h7xx_hal_rcc_ex.o
                0x0000000008006908                HAL_RCCEx_GetPLL3ClockFreq
 .text.HAL_RCCEx_GetPLL1ClockFreq
                0x0000000008006bb0      0x2a4 ./Drivers/STM32H7xx_HAL_Driver/stm32h7xx_hal_rcc_ex.o
                0x0000000008006bb0                HAL_RCCEx_GetPLL1ClockFreq
 .text.RCCEx_PLL2_Config
                0x0000000008006e54      0x164 ./Drivers/STM32H7xx_HAL_Driver/stm32h7xx_hal_rcc_ex.o
 .text.RCCEx_PLL3_Config
                0x0000000008006fb8      0x164 ./Drivers/STM32H7xx_HAL_Driver/stm32h7xx_hal_rcc_ex.o
 .text.HAL_UART_Init
                0x000000000800711c       0xa0 ./Drivers/STM32H7xx_HAL_Driver/stm32h7xx_hal_uart.o
                0x000000000800711c                HAL_UART_Init
 .text.HAL_UART_Transmit
                0x00000000080071bc      0x12c ./Drivers/STM32H7xx_HAL_Driver/stm32h7xx_hal_uart.o
                0x00000000080071bc                HAL_UART_Transmit
 .text.HAL_UART_Receive
                0x00000000080072e8      0x1a6 ./Drivers/STM32H7xx_HAL_Driver/stm32h7xx_hal_uart.o
                0x00000000080072e8                HAL_UART_Receive
 *fill*         0x000000000800748e        0x2 
 .text.UART_SetConfig
                0x0000000008007490      0xad0 ./Drivers/STM32H7xx_HAL_Driver/stm32h7xx_hal_uart.o
                0x0000000008007490                UART_SetConfig
 .text.UART_AdvFeatureConfig
                0x0000000008007f60      0x144 ./Drivers/STM32H7xx_HAL_Driver/stm32h7xx_hal_uart.o
                0x0000000008007f60                UART_AdvFeatureConfig
 .text.UART_CheckIdleState
                0x00000000080080a4       0x96 ./Drivers/STM32H7xx_HAL_Driver/stm32h7xx_hal_uart.o
                0x00000000080080a4                UART_CheckIdleState
 .text.UART_WaitOnFlagUntilTimeout
                0x000000000800813a      0x190 ./Drivers/STM32H7xx_HAL_Driver/stm32h7xx_hal_uart.o
                0x000000000800813a                UART_WaitOnFlagUntilTimeout
 .text.HAL_UARTEx_DisableFifoMode
                0x00000000080082ca       0x72 ./Drivers/STM32H7xx_HAL_Driver/stm32h7xx_hal_uart_ex.o
                0x00000000080082ca                HAL_UARTEx_DisableFifoMode
 .text.HAL_UARTEx_SetTxFifoThreshold
                0x000000000800833c       0x7c ./Drivers/STM32H7xx_HAL_Driver/stm32h7xx_hal_uart_ex.o
                0x000000000800833c                HAL_UARTEx_SetTxFifoThreshold
 .text.HAL_UARTEx_SetRxFifoThreshold
                0x00000000080083b8       0x7c ./Drivers/STM32H7xx_HAL_Driver/stm32h7xx_hal_uart_ex.o
                0x00000000080083b8                HAL_UARTEx_SetRxFifoThreshold
 .text.UARTEx_SetNbDataToProcess
                0x0000000008008434       0x9c ./Drivers/STM32H7xx_HAL_Driver/stm32h7xx_hal_uart_ex.o
 .text.__errno  0x00000000080084d0        0xc d:/programs/st/stm32cubeide_1.10.1/stm32cubeide/plugins/com.st.stm32cube.ide.mcu.externaltools.gnu-tools-for-stm32.10.3-2021.10.win32_1.0.0.202111181127/tools/bin/../lib/gcc/arm-none-eabi/10.3.1/../../../../arm-none-eabi/lib/thumb/v7e-m+dp/hard\libc_nano.a(lib_a-errno.o)
                0x00000000080084d0                __errno
 .text.__libc_init_array
                0x00000000080084dc       0x48 d:/programs/st/stm32cubeide_1.10.1/stm32cubeide/plugins/com.st.stm32cube.ide.mcu.externaltools.gnu-tools-for-stm32.10.3-2021.10.win32_1.0.0.202111181127/tools/bin/../lib/gcc/arm-none-eabi/10.3.1/../../../../arm-none-eabi/lib/thumb/v7e-m+dp/hard\libc_nano.a(lib_a-init.o)
                0x00000000080084dc                __libc_init_array
 .text.memcpy   0x0000000008008524       0x1c d:/programs/st/stm32cubeide_1.10.1/stm32cubeide/plugins/com.st.stm32cube.ide.mcu.externaltools.gnu-tools-for-stm32.10.3-2021.10.win32_1.0.0.202111181127/tools/bin/../lib/gcc/arm-none-eabi/10.3.1/../../../../arm-none-eabi/lib/thumb/v7e-m+dp/hard\libc_nano.a(lib_a-memcpy-stub.o)
                0x0000000008008524                memcpy
 .text.memset   0x0000000008008540       0x10 d:/programs/st/stm32cubeide_1.10.1/stm32cubeide/plugins/com.st.stm32cube.ide.mcu.externaltools.gnu-tools-for-stm32.10.3-2021.10.win32_1.0.0.202111181127/tools/bin/../lib/gcc/arm-none-eabi/10.3.1/../../../../arm-none-eabi/lib/thumb/v7e-m+dp/hard\libc_nano.a(lib_a-memset.o)
                0x0000000008008540                memset
 .text.printf   0x0000000008008550       0x30 d:/programs/st/stm32cubeide_1.10.1/stm32cubeide/plugins/com.st.stm32cube.ide.mcu.externaltools.gnu-tools-for-stm32.10.3-2021.10.win32_1.0.0.202111181127/tools/bin/../lib/gcc/arm-none-eabi/10.3.1/../../../../arm-none-eabi/lib/thumb/v7e-m+dp/hard\libc_nano.a(lib_a-printf.o)
                0x0000000008008550                iprintf
                0x0000000008008550                printf
 .text.std      0x0000000008008580       0x48 d:/programs/st/stm32cubeide_1.10.1/stm32cubeide/plugins/com.st.stm32cube.ide.mcu.externaltools.gnu-tools-for-stm32.10.3-2021.10.win32_1.0.0.202111181127/tools/bin/../lib/gcc/arm-none-eabi/10.3.1/../../../../arm-none-eabi/lib/thumb/v7e-m+dp/hard\libc_nano.a(lib_a-findfp.o)
 .text._cleanup_r
                0x00000000080085c8        0xc d:/programs/st/stm32cubeide_1.10.1/stm32cubeide/plugins/com.st.stm32cube.ide.mcu.externaltools.gnu-tools-for-stm32.10.3-2021.10.win32_1.0.0.202111181127/tools/bin/../lib/gcc/arm-none-eabi/10.3.1/../../../../arm-none-eabi/lib/thumb/v7e-m+dp/hard\libc_nano.a(lib_a-findfp.o)
                0x00000000080085c8                _cleanup_r
 .text.__sfmoreglue
                0x00000000080085d4       0x2c d:/programs/st/stm32cubeide_1.10.1/stm32cubeide/plugins/com.st.stm32cube.ide.mcu.externaltools.gnu-tools-for-stm32.10.3-2021.10.win32_1.0.0.202111181127/tools/bin/../lib/gcc/arm-none-eabi/10.3.1/../../../../arm-none-eabi/lib/thumb/v7e-m+dp/hard\libc_nano.a(lib_a-findfp.o)
                0x00000000080085d4                __sfmoreglue
 .text.__sfp_lock_acquire
                0x0000000008008600        0xc d:/programs/st/stm32cubeide_1.10.1/stm32cubeide/plugins/com.st.stm32cube.ide.mcu.externaltools.gnu-tools-for-stm32.10.3-2021.10.win32_1.0.0.202111181127/tools/bin/../lib/gcc/arm-none-eabi/10.3.1/../../../../arm-none-eabi/lib/thumb/v7e-m+dp/hard\libc_nano.a(lib_a-findfp.o)
                0x0000000008008600                __sfp_lock_acquire
 .text.__sfp_lock_release
                0x000000000800860c        0xc d:/programs/st/stm32cubeide_1.10.1/stm32cubeide/plugins/com.st.stm32cube.ide.mcu.externaltools.gnu-tools-for-stm32.10.3-2021.10.win32_1.0.0.202111181127/tools/bin/../lib/gcc/arm-none-eabi/10.3.1/../../../../arm-none-eabi/lib/thumb/v7e-m+dp/hard\libc_nano.a(lib_a-findfp.o)
                0x000000000800860c                __sfp_lock_release
 .text.__sinit_lock_acquire
                0x0000000008008618        0xc d:/programs/st/stm32cubeide_1.10.1/stm32cubeide/plugins/com.st.stm32cube.ide.mcu.externaltools.gnu-tools-for-stm32.10.3-2021.10.win32_1.0.0.202111181127/tools/bin/../lib/gcc/arm-none-eabi/10.3.1/../../../../arm-none-eabi/lib/thumb/v7e-m+dp/hard\libc_nano.a(lib_a-findfp.o)
                0x0000000008008618                __sinit_lock_acquire
 .text.__sinit_lock_release
                0x0000000008008624        0xc d:/programs/st/stm32cubeide_1.10.1/stm32cubeide/plugins/com.st.stm32cube.ide.mcu.externaltools.gnu-tools-for-stm32.10.3-2021.10.win32_1.0.0.202111181127/tools/bin/../lib/gcc/arm-none-eabi/10.3.1/../../../../arm-none-eabi/lib/thumb/v7e-m+dp/hard\libc_nano.a(lib_a-findfp.o)
                0x0000000008008624                __sinit_lock_release
 .text.__sinit  0x0000000008008630       0x70 d:/programs/st/stm32cubeide_1.10.1/stm32cubeide/plugins/com.st.stm32cube.ide.mcu.externaltools.gnu-tools-for-stm32.10.3-2021.10.win32_1.0.0.202111181127/tools/bin/../lib/gcc/arm-none-eabi/10.3.1/../../../../arm-none-eabi/lib/thumb/v7e-m+dp/hard\libc_nano.a(lib_a-findfp.o)
                0x0000000008008630                __sinit
 .text.__sfp    0x00000000080086a0       0x8c d:/programs/st/stm32cubeide_1.10.1/stm32cubeide/plugins/com.st.stm32cube.ide.mcu.externaltools.gnu-tools-for-stm32.10.3-2021.10.win32_1.0.0.202111181127/tools/bin/../lib/gcc/arm-none-eabi/10.3.1/../../../../arm-none-eabi/lib/thumb/v7e-m+dp/hard\libc_nano.a(lib_a-findfp.o)
                0x00000000080086a0                __sfp
 .text._fwalk_reent
                0x000000000800872c       0x3e d:/programs/st/stm32cubeide_1.10.1/stm32cubeide/plugins/com.st.stm32cube.ide.mcu.externaltools.gnu-tools-for-stm32.10.3-2021.10.win32_1.0.0.202111181127/tools/bin/../lib/gcc/arm-none-eabi/10.3.1/../../../../arm-none-eabi/lib/thumb/v7e-m+dp/hard\libc_nano.a(lib_a-fwalk.o)
                0x000000000800872c                _fwalk_reent
 .text.__retarget_lock_init_recursive
                0x000000000800876a        0x2 d:/programs/st/stm32cubeide_1.10.1/stm32cubeide/plugins/com.st.stm32cube.ide.mcu.externaltools.gnu-tools-for-stm32.10.3-2021.10.win32_1.0.0.202111181127/tools/bin/../lib/gcc/arm-none-eabi/10.3.1/../../../../arm-none-eabi/lib/thumb/v7e-m+dp/hard\libc_nano.a(lib_a-lock.o)
                0x000000000800876a                __retarget_lock_init_recursive
 .text.__retarget_lock_acquire_recursive
                0x000000000800876c        0x2 d:/programs/st/stm32cubeide_1.10.1/stm32cubeide/plugins/com.st.stm32cube.ide.mcu.externaltools.gnu-tools-for-stm32.10.3-2021.10.win32_1.0.0.202111181127/tools/bin/../lib/gcc/arm-none-eabi/10.3.1/../../../../arm-none-eabi/lib/thumb/v7e-m+dp/hard\libc_nano.a(lib_a-lock.o)
                0x000000000800876c                __retarget_lock_acquire_recursive
 .text.__retarget_lock_release_recursive
                0x000000000800876e        0x2 d:/programs/st/stm32cubeide_1.10.1/stm32cubeide/plugins/com.st.stm32cube.ide.mcu.externaltools.gnu-tools-for-stm32.10.3-2021.10.win32_1.0.0.202111181127/tools/bin/../lib/gcc/arm-none-eabi/10.3.1/../../../../arm-none-eabi/lib/thumb/v7e-m+dp/hard\libc_nano.a(lib_a-lock.o)
                0x000000000800876e                __retarget_lock_release_recursive
 .text.sbrk_aligned
                0x0000000008008770       0x40 d:/programs/st/stm32cubeide_1.10.1/stm32cubeide/plugins/com.st.stm32cube.ide.mcu.externaltools.gnu-tools-for-stm32.10.3-2021.10.win32_1.0.0.202111181127/tools/bin/../lib/gcc/arm-none-eabi/10.3.1/../../../../arm-none-eabi/lib/thumb/v7e-m+dp/hard\libc_nano.a(lib_a-nano-mallocr.o)
 .text._malloc_r
                0x00000000080087b0       0xe8 d:/programs/st/stm32cubeide_1.10.1/stm32cubeide/plugins/com.st.stm32cube.ide.mcu.externaltools.gnu-tools-for-stm32.10.3-2021.10.win32_1.0.0.202111181127/tools/bin/../lib/gcc/arm-none-eabi/10.3.1/../../../../arm-none-eabi/lib/thumb/v7e-m+dp/hard\libc_nano.a(lib_a-nano-mallocr.o)
                0x00000000080087b0                _malloc_r
 .text.__sfputc_r
                0x0000000008008898       0x2e d:/programs/st/stm32cubeide_1.10.1/stm32cubeide/plugins/com.st.stm32cube.ide.mcu.externaltools.gnu-tools-for-stm32.10.3-2021.10.win32_1.0.0.202111181127/tools/bin/../lib/gcc/arm-none-eabi/10.3.1/../../../../arm-none-eabi/lib/thumb/v7e-m+dp/hard\libc_nano.a(lib_a-nano-vfprintf.o)
 .text.__sfputs_r
                0x00000000080088c6       0x24 d:/programs/st/stm32cubeide_1.10.1/stm32cubeide/plugins/com.st.stm32cube.ide.mcu.externaltools.gnu-tools-for-stm32.10.3-2021.10.win32_1.0.0.202111181127/tools/bin/../lib/gcc/arm-none-eabi/10.3.1/../../../../arm-none-eabi/lib/thumb/v7e-m+dp/hard\libc_nano.a(lib_a-nano-vfprintf.o)
                0x00000000080088c6                __sfputs_r
 *fill*         0x00000000080088ea        0x2 
 .text._vfprintf_r
                0x00000000080088ec      0x260 d:/programs/st/stm32cubeide_1.10.1/stm32cubeide/plugins/com.st.stm32cube.ide.mcu.externaltools.gnu-tools-for-stm32.10.3-2021.10.win32_1.0.0.202111181127/tools/bin/../lib/gcc/arm-none-eabi/10.3.1/../../../../arm-none-eabi/lib/thumb/v7e-m+dp/hard\libc_nano.a(lib_a-nano-vfprintf.o)
                0x00000000080088ec                _vfprintf_r
                0x00000000080088ec                _vfiprintf_r
 .text._printf_common
                0x0000000008008b4c       0xda d:/programs/st/stm32cubeide_1.10.1/stm32cubeide/plugins/com.st.stm32cube.ide.mcu.externaltools.gnu-tools-for-stm32.10.3-2021.10.win32_1.0.0.202111181127/tools/bin/../lib/gcc/arm-none-eabi/10.3.1/../../../../arm-none-eabi/lib/thumb/v7e-m+dp/hard\libc_nano.a(lib_a-nano-vfprintf_i.o)
                0x0000000008008b4c                _printf_common
 *fill*         0x0000000008008c26        0x2 
 .text._printf_i
                0x0000000008008c28      0x24c d:/programs/st/stm32cubeide_1.10.1/stm32cubeide/plugins/com.st.stm32cube.ide.mcu.externaltools.gnu-tools-for-stm32.10.3-2021.10.win32_1.0.0.202111181127/tools/bin/../lib/gcc/arm-none-eabi/10.3.1/../../../../arm-none-eabi/lib/thumb/v7e-m+dp/hard\libc_nano.a(lib_a-nano-vfprintf_i.o)
                0x0000000008008c28                _printf_i
 .text._sbrk_r  0x0000000008008e74       0x20 d:/programs/st/stm32cubeide_1.10.1/stm32cubeide/plugins/com.st.stm32cube.ide.mcu.externaltools.gnu-tools-for-stm32.10.3-2021.10.win32_1.0.0.202111181127/tools/bin/../lib/gcc/arm-none-eabi/10.3.1/../../../../arm-none-eabi/lib/thumb/v7e-m+dp/hard\libc_nano.a(lib_a-sbrkr.o)
                0x0000000008008e74                _sbrk_r
 .text.__sread  0x0000000008008e94       0x22 d:/programs/st/stm32cubeide_1.10.1/stm32cubeide/plugins/com.st.stm32cube.ide.mcu.externaltools.gnu-tools-for-stm32.10.3-2021.10.win32_1.0.0.202111181127/tools/bin/../lib/gcc/arm-none-eabi/10.3.1/../../../../arm-none-eabi/lib/thumb/v7e-m+dp/hard\libc_nano.a(lib_a-stdio.o)
                0x0000000008008e94                __sread
 .text.__swrite
                0x0000000008008eb6       0x38 d:/programs/st/stm32cubeide_1.10.1/stm32cubeide/plugins/com.st.stm32cube.ide.mcu.externaltools.gnu-tools-for-stm32.10.3-2021.10.win32_1.0.0.202111181127/tools/bin/../lib/gcc/arm-none-eabi/10.3.1/../../../../arm-none-eabi/lib/thumb/v7e-m+dp/hard\libc_nano.a(lib_a-stdio.o)
                0x0000000008008eb6                __swrite
 .text.__sseek  0x0000000008008eee       0x24 d:/programs/st/stm32cubeide_1.10.1/stm32cubeide/plugins/com.st.stm32cube.ide.mcu.externaltools.gnu-tools-for-stm32.10.3-2021.10.win32_1.0.0.202111181127/tools/bin/../lib/gcc/arm-none-eabi/10.3.1/../../../../arm-none-eabi/lib/thumb/v7e-m+dp/hard\libc_nano.a(lib_a-stdio.o)
                0x0000000008008eee                __sseek
 .text.__sclose
                0x0000000008008f12        0x8 d:/programs/st/stm32cubeide_1.10.1/stm32cubeide/plugins/com.st.stm32cube.ide.mcu.externaltools.gnu-tools-for-stm32.10.3-2021.10.win32_1.0.0.202111181127/tools/bin/../lib/gcc/arm-none-eabi/10.3.1/../../../../arm-none-eabi/lib/thumb/v7e-m+dp/hard\libc_nano.a(lib_a-stdio.o)
                0x0000000008008f12                __sclose
 *fill*         0x0000000008008f1a        0x2 
 .text.__swbuf_r
                0x0000000008008f1c       0xa4 d:/programs/st/stm32cubeide_1.10.1/stm32cubeide/plugins/com.st.stm32cube.ide.mcu.externaltools.gnu-tools-for-stm32.10.3-2021.10.win32_1.0.0.202111181127/tools/bin/../lib/gcc/arm-none-eabi/10.3.1/../../../../arm-none-eabi/lib/thumb/v7e-m+dp/hard\libc_nano.a(lib_a-wbuf.o)
                0x0000000008008f1c                __swbuf_r
 .text._write_r
                0x0000000008008fc0       0x24 d:/programs/st/stm32cubeide_1.10.1/stm32cubeide/plugins/com.st.stm32cube.ide.mcu.externaltools.gnu-tools-for-stm32.10.3-2021.10.win32_1.0.0.202111181127/tools/bin/../lib/gcc/arm-none-eabi/10.3.1/../../../../arm-none-eabi/lib/thumb/v7e-m+dp/hard\libc_nano.a(lib_a-writer.o)
                0x0000000008008fc0                _write_r
 .text.__swsetup_r
                0x0000000008008fe4       0xdc d:/programs/st/stm32cubeide_1.10.1/stm32cubeide/plugins/com.st.stm32cube.ide.mcu.externaltools.gnu-tools-for-stm32.10.3-2021.10.win32_1.0.0.202111181127/tools/bin/../lib/gcc/arm-none-eabi/10.3.1/../../../../arm-none-eabi/lib/thumb/v7e-m+dp/hard\libc_nano.a(lib_a-wsetup.o)
                0x0000000008008fe4                __swsetup_r
 .text._close_r
                0x00000000080090c0       0x20 d:/programs/st/stm32cubeide_1.10.1/stm32cubeide/plugins/com.st.stm32cube.ide.mcu.externaltools.gnu-tools-for-stm32.10.3-2021.10.win32_1.0.0.202111181127/tools/bin/../lib/gcc/arm-none-eabi/10.3.1/../../../../arm-none-eabi/lib/thumb/v7e-m+dp/hard\libc_nano.a(lib_a-closer.o)
                0x00000000080090c0                _close_r
 .text.__sflush_r
                0x00000000080090e0      0x10c d:/programs/st/stm32cubeide_1.10.1/stm32cubeide/plugins/com.st.stm32cube.ide.mcu.externaltools.gnu-tools-for-stm32.10.3-2021.10.win32_1.0.0.202111181127/tools/bin/../lib/gcc/arm-none-eabi/10.3.1/../../../../arm-none-eabi/lib/thumb/v7e-m+dp/hard\libc_nano.a(lib_a-fflush.o)
                0x00000000080090e0                __sflush_r
 .text._fflush_r
                0x00000000080091ec       0x78 d:/programs/st/stm32cubeide_1.10.1/stm32cubeide/plugins/com.st.stm32cube.ide.mcu.externaltools.gnu-tools-for-stm32.10.3-2021.10.win32_1.0.0.202111181127/tools/bin/../lib/gcc/arm-none-eabi/10.3.1/../../../../arm-none-eabi/lib/thumb/v7e-m+dp/hard\libc_nano.a(lib_a-fflush.o)
                0x00000000080091ec                _fflush_r
 .text._lseek_r
                0x0000000008009264       0x24 d:/programs/st/stm32cubeide_1.10.1/stm32cubeide/plugins/com.st.stm32cube.ide.mcu.externaltools.gnu-tools-for-stm32.10.3-2021.10.win32_1.0.0.202111181127/tools/bin/../lib/gcc/arm-none-eabi/10.3.1/../../../../arm-none-eabi/lib/thumb/v7e-m+dp/hard\libc_nano.a(lib_a-lseekr.o)
                0x0000000008009264                _lseek_r
 .text.__swhatbuf_r
                0x0000000008009288       0x4a d:/programs/st/stm32cubeide_1.10.1/stm32cubeide/plugins/com.st.stm32cube.ide.mcu.externaltools.gnu-tools-for-stm32.10.3-2021.10.win32_1.0.0.202111181127/tools/bin/../lib/gcc/arm-none-eabi/10.3.1/../../../../arm-none-eabi/lib/thumb/v7e-m+dp/hard\libc_nano.a(lib_a-makebuf.o)
                0x0000000008009288                __swhatbuf_r
 *fill*         0x00000000080092d2        0x2 
 .text.__smakebuf_r
                0x00000000080092d4       0x80 d:/programs/st/stm32cubeide_1.10.1/stm32cubeide/plugins/com.st.stm32cube.ide.mcu.externaltools.gnu-tools-for-stm32.10.3-2021.10.win32_1.0.0.202111181127/tools/bin/../lib/gcc/arm-none-eabi/10.3.1/../../../../arm-none-eabi/lib/thumb/v7e-m+dp/hard\libc_nano.a(lib_a-makebuf.o)
                0x00000000080092d4                __smakebuf_r
 .text.__malloc_lock
                0x0000000008009354        0xc d:/programs/st/stm32cubeide_1.10.1/stm32cubeide/plugins/com.st.stm32cube.ide.mcu.externaltools.gnu-tools-for-stm32.10.3-2021.10.win32_1.0.0.202111181127/tools/bin/../lib/gcc/arm-none-eabi/10.3.1/../../../../arm-none-eabi/lib/thumb/v7e-m+dp/hard\libc_nano.a(lib_a-mlock.o)
                0x0000000008009354                __malloc_lock
 .text.__malloc_unlock
                0x0000000008009360        0xc d:/programs/st/stm32cubeide_1.10.1/stm32cubeide/plugins/com.st.stm32cube.ide.mcu.externaltools.gnu-tools-for-stm32.10.3-2021.10.win32_1.0.0.202111181127/tools/bin/../lib/gcc/arm-none-eabi/10.3.1/../../../../arm-none-eabi/lib/thumb/v7e-m+dp/hard\libc_nano.a(lib_a-mlock.o)
                0x0000000008009360                __malloc_unlock
 .text._free_r  0x000000000800936c       0x98 d:/programs/st/stm32cubeide_1.10.1/stm32cubeide/plugins/com.st.stm32cube.ide.mcu.externaltools.gnu-tools-for-stm32.10.3-2021.10.win32_1.0.0.202111181127/tools/bin/../lib/gcc/arm-none-eabi/10.3.1/../../../../arm-none-eabi/lib/thumb/v7e-m+dp/hard\libc_nano.a(lib_a-nano-freer.o)
                0x000000000800936c                _free_r
 .text._read_r  0x0000000008009404       0x24 d:/programs/st/stm32cubeide_1.10.1/stm32cubeide/plugins/com.st.stm32cube.ide.mcu.externaltools.gnu-tools-for-stm32.10.3-2021.10.win32_1.0.0.202111181127/tools/bin/../lib/gcc/arm-none-eabi/10.3.1/../../../../arm-none-eabi/lib/thumb/v7e-m+dp/hard\libc_nano.a(lib_a-readr.o)
                0x0000000008009404                _read_r
 .text._fstat_r
                0x0000000008009428       0x24 d:/programs/st/stm32cubeide_1.10.1/stm32cubeide/plugins/com.st.stm32cube.ide.mcu.externaltools.gnu-tools-for-stm32.10.3-2021.10.win32_1.0.0.202111181127/tools/bin/../lib/gcc/arm-none-eabi/10.3.1/../../../../arm-none-eabi/lib/thumb/v7e-m+dp/hard\libc_nano.a(lib_a-fstatr.o)
                0x0000000008009428                _fstat_r
 .text._isatty_r
                0x000000000800944c       0x20 d:/programs/st/stm32cubeide_1.10.1/stm32cubeide/plugins/com.st.stm32cube.ide.mcu.externaltools.gnu-tools-for-stm32.10.3-2021.10.win32_1.0.0.202111181127/tools/bin/../lib/gcc/arm-none-eabi/10.3.1/../../../../arm-none-eabi/lib/thumb/v7e-m+dp/hard\libc_nano.a(lib_a-isattyr.o)
                0x000000000800944c                _isatty_r
 *(.glue_7)
 .glue_7        0x000000000800946c        0x0 linker stubs
 *(.glue_7t)
 .glue_7t       0x000000000800946c        0x0 linker stubs
 *(.eh_frame)
 .eh_frame      0x000000000800946c        0x0 d:/programs/st/stm32cubeide_1.10.1/stm32cubeide/plugins/com.st.stm32cube.ide.mcu.externaltools.gnu-tools-for-stm32.10.3-2021.10.win32_1.0.0.202111181127/tools/bin/../lib/gcc/arm-none-eabi/10.3.1/thumb/v7e-m+dp/hard/crtbegin.o
 *(.init)
 .init          0x000000000800946c        0x4 d:/programs/st/stm32cubeide_1.10.1/stm32cubeide/plugins/com.st.stm32cube.ide.mcu.externaltools.gnu-tools-for-stm32.10.3-2021.10.win32_1.0.0.202111181127/tools/bin/../lib/gcc/arm-none-eabi/10.3.1/thumb/v7e-m+dp/hard/crti.o
                0x000000000800946c                _init
 .init          0x0000000008009470        0x8 d:/programs/st/stm32cubeide_1.10.1/stm32cubeide/plugins/com.st.stm32cube.ide.mcu.externaltools.gnu-tools-for-stm32.10.3-2021.10.win32_1.0.0.202111181127/tools/bin/../lib/gcc/arm-none-eabi/10.3.1/thumb/v7e-m+dp/hard/crtn.o
 *(.fini)
 .fini          0x0000000008009478        0x4 d:/programs/st/stm32cubeide_1.10.1/stm32cubeide/plugins/com.st.stm32cube.ide.mcu.externaltools.gnu-tools-for-stm32.10.3-2021.10.win32_1.0.0.202111181127/tools/bin/../lib/gcc/arm-none-eabi/10.3.1/thumb/v7e-m+dp/hard/crti.o
                0x0000000008009478                _fini
 .fini          0x000000000800947c        0x8 d:/programs/st/stm32cubeide_1.10.1/stm32cubeide/plugins/com.st.stm32cube.ide.mcu.externaltools.gnu-tools-for-stm32.10.3-2021.10.win32_1.0.0.202111181127/tools/bin/../lib/gcc/arm-none-eabi/10.3.1/thumb/v7e-m+dp/hard/crtn.o
                0x0000000008009484                . = ALIGN (0x4)
                0x0000000008009484                _etext = .

.vfp11_veneer   0x0000000008009484        0x0
 .vfp11_veneer  0x0000000008009484        0x0 linker stubs

.v4_bx          0x0000000008009484        0x0
 .v4_bx         0x0000000008009484        0x0 linker stubs

.iplt           0x0000000008009484        0x0
 .iplt          0x0000000008009484        0x0 d:/programs/st/stm32cubeide_1.10.1/stm32cubeide/plugins/com.st.stm32cube.ide.mcu.externaltools.gnu-tools-for-stm32.10.3-2021.10.win32_1.0.0.202111181127/tools/bin/../lib/gcc/arm-none-eabi/10.3.1/thumb/v7e-m+dp/hard/crtbegin.o

.rodata         0x0000000008009484      0x1a4
                0x0000000008009484                . = ALIGN (0x4)
 *(.rodata)
 .rodata        0x0000000008009484       0x78 ./Core/Src/main.o
 .rodata        0x00000000080094fc       0x4c ./Drivers/STM32H7xx_HAL_Driver/stm32h7xx_hal_fdcan.o
 *(.rodata*)
 .rodata.D1CorePrescTable
                0x0000000008009548       0x10 ./Common/Src/system_stm32h7xx_dualcore_boot_cm4_cm7.o
                0x0000000008009548                D1CorePrescTable
 .rodata.DLCtoBytes
                0x0000000008009558       0x10 ./Drivers/STM32H7xx_HAL_Driver/stm32h7xx_hal_fdcan.o
 .rodata.UARTPrescTable
                0x0000000008009568       0x18 ./Drivers/STM32H7xx_HAL_Driver/stm32h7xx_hal_uart.o
                0x0000000008009568                UARTPrescTable
 .rodata.numerator.1
                0x0000000008009580        0x8 ./Drivers/STM32H7xx_HAL_Driver/stm32h7xx_hal_uart_ex.o
 .rodata.denominator.0
                0x0000000008009588        0x8 ./Drivers/STM32H7xx_HAL_Driver/stm32h7xx_hal_uart_ex.o
 .rodata._global_impure_ptr
                0x0000000008009590        0x4 d:/programs/st/stm32cubeide_1.10.1/stm32cubeide/plugins/com.st.stm32cube.ide.mcu.externaltools.gnu-tools-for-stm32.10.3-2021.10.win32_1.0.0.202111181127/tools/bin/../lib/gcc/arm-none-eabi/10.3.1/../../../../arm-none-eabi/lib/thumb/v7e-m+dp/hard\libc_nano.a(lib_a-impure.o)
                0x0000000008009590                _global_impure_ptr
 .rodata.__sf_fake_stderr
                0x0000000008009594       0x20 d:/programs/st/stm32cubeide_1.10.1/stm32cubeide/plugins/com.st.stm32cube.ide.mcu.externaltools.gnu-tools-for-stm32.10.3-2021.10.win32_1.0.0.202111181127/tools/bin/../lib/gcc/arm-none-eabi/10.3.1/../../../../arm-none-eabi/lib/thumb/v7e-m+dp/hard\libc_nano.a(lib_a-findfp.o)
                0x0000000008009594                __sf_fake_stderr
 .rodata.__sf_fake_stdin
                0x00000000080095b4       0x20 d:/programs/st/stm32cubeide_1.10.1/stm32cubeide/plugins/com.st.stm32cube.ide.mcu.externaltools.gnu-tools-for-stm32.10.3-2021.10.win32_1.0.0.202111181127/tools/bin/../lib/gcc/arm-none-eabi/10.3.1/../../../../arm-none-eabi/lib/thumb/v7e-m+dp/hard\libc_nano.a(lib_a-findfp.o)
                0x00000000080095b4                __sf_fake_stdin
 .rodata.__sf_fake_stdout
                0x00000000080095d4       0x20 d:/programs/st/stm32cubeide_1.10.1/stm32cubeide/plugins/com.st.stm32cube.ide.mcu.externaltools.gnu-tools-for-stm32.10.3-2021.10.win32_1.0.0.202111181127/tools/bin/../lib/gcc/arm-none-eabi/10.3.1/../../../../arm-none-eabi/lib/thumb/v7e-m+dp/hard\libc_nano.a(lib_a-findfp.o)
                0x00000000080095d4                __sf_fake_stdout
 .rodata._vfprintf_r.str1.1
                0x00000000080095f4       0x11 d:/programs/st/stm32cubeide_1.10.1/stm32cubeide/plugins/com.st.stm32cube.ide.mcu.externaltools.gnu-tools-for-stm32.10.3-2021.10.win32_1.0.0.202111181127/tools/bin/../lib/gcc/arm-none-eabi/10.3.1/../../../../arm-none-eabi/lib/thumb/v7e-m+dp/hard\libc_nano.a(lib_a-nano-vfprintf.o)
 .rodata._printf_i.str1.1
                0x0000000008009605       0x22 d:/programs/st/stm32cubeide_1.10.1/stm32cubeide/plugins/com.st.stm32cube.ide.mcu.externaltools.gnu-tools-for-stm32.10.3-2021.10.win32_1.0.0.202111181127/tools/bin/../lib/gcc/arm-none-eabi/10.3.1/../../../../arm-none-eabi/lib/thumb/v7e-m+dp/hard\libc_nano.a(lib_a-nano-vfprintf_i.o)
                0x0000000008009628                . = ALIGN (0x4)
 *fill*         0x0000000008009627        0x1 

.ARM.extab      0x0000000008009628        0x0
                0x0000000008009628                . = ALIGN (0x4)
 *(.ARM.extab* .gnu.linkonce.armextab.*)
                0x0000000008009628                . = ALIGN (0x4)

.ARM            0x0000000008009628        0x8
                0x0000000008009628                . = ALIGN (0x4)
                0x0000000008009628                __exidx_start = .
 *(.ARM.exidx*)
 .ARM.exidx     0x0000000008009628        0x8 d:/programs/st/stm32cubeide_1.10.1/stm32cubeide/plugins/com.st.stm32cube.ide.mcu.externaltools.gnu-tools-for-stm32.10.3-2021.10.win32_1.0.0.202111181127/tools/bin/../lib/gcc/arm-none-eabi/10.3.1/thumb/v7e-m+dp/hard\libgcc.a(_udivmoddi4.o)
                0x0000000008009630                __exidx_end = .
                0x0000000008009630                . = ALIGN (0x4)

.rel.dyn        0x0000000008009630        0x0
 .rel.iplt      0x0000000008009630        0x0 d:/programs/st/stm32cubeide_1.10.1/stm32cubeide/plugins/com.st.stm32cube.ide.mcu.externaltools.gnu-tools-for-stm32.10.3-2021.10.win32_1.0.0.202111181127/tools/bin/../lib/gcc/arm-none-eabi/10.3.1/thumb/v7e-m+dp/hard/crtbegin.o

.preinit_array  0x0000000008009630        0x0
                0x0000000008009630                . = ALIGN (0x4)
                0x0000000008009630                PROVIDE (__preinit_array_start = .)
 *(.preinit_array*)
                0x0000000008009630                PROVIDE (__preinit_array_end = .)
                0x0000000008009630                . = ALIGN (0x4)

.init_array     0x0000000008009630        0x4
                0x0000000008009630                . = ALIGN (0x4)
                0x0000000008009630                PROVIDE (__init_array_start = .)
 *(SORT_BY_NAME(.init_array.*))
 *(.init_array*)
 .init_array    0x0000000008009630        0x4 d:/programs/st/stm32cubeide_1.10.1/stm32cubeide/plugins/com.st.stm32cube.ide.mcu.externaltools.gnu-tools-for-stm32.10.3-2021.10.win32_1.0.0.202111181127/tools/bin/../lib/gcc/arm-none-eabi/10.3.1/thumb/v7e-m+dp/hard/crtbegin.o
                0x0000000008009634                PROVIDE (__init_array_end = .)
                0x0000000008009634                . = ALIGN (0x4)

.fini_array     0x0000000008009634        0x4
                0x0000000008009634                . = ALIGN (0x4)
                [!provide]                        PROVIDE (__fini_array_start = .)
 *(SORT_BY_NAME(.fini_array.*))
 *(.fini_array*)
 .fini_array    0x0000000008009634        0x4 d:/programs/st/stm32cubeide_1.10.1/stm32cubeide/plugins/com.st.stm32cube.ide.mcu.externaltools.gnu-tools-for-stm32.10.3-2021.10.win32_1.0.0.202111181127/tools/bin/../lib/gcc/arm-none-eabi/10.3.1/thumb/v7e-m+dp/hard/crtbegin.o
                [!provide]                        PROVIDE (__fini_array_end = .)
                0x0000000008009638                . = ALIGN (0x4)
                0x0000000008009638                _sidata = LOADADDR (.data)

.data           0x0000000024000000       0x78 load address 0x0000000008009638
                0x0000000024000000                . = ALIGN (0x4)
                0x0000000024000000                _sdata = .
 *(.data)
 *(.data*)
 .data.SystemCoreClock
                0x0000000024000000        0x4 ./Common/Src/system_stm32h7xx_dualcore_boot_cm4_cm7.o
                0x0000000024000000                SystemCoreClock
 .data.SystemD2Clock
                0x0000000024000004        0x4 ./Common/Src/system_stm32h7xx_dualcore_boot_cm4_cm7.o
                0x0000000024000004                SystemD2Clock
 .data.pressureSetpoints
                0x0000000024000008        0x4 ./Core/Src/main.o
                0x0000000024000008                pressureSetpoints
 .data.uwTickPrio
                0x000000002400000c        0x4 ./Drivers/STM32H7xx_HAL_Driver/stm32h7xx_hal.o
                0x000000002400000c                uwTickPrio
 .data.uwTickFreq
                0x0000000024000010        0x1 ./Drivers/STM32H7xx_HAL_Driver/stm32h7xx_hal.o
                0x0000000024000010                uwTickFreq
 *fill*         0x0000000024000011        0x3 
 .data._impure_ptr
                0x0000000024000014        0x4 d:/programs/st/stm32cubeide_1.10.1/stm32cubeide/plugins/com.st.stm32cube.ide.mcu.externaltools.gnu-tools-for-stm32.10.3-2021.10.win32_1.0.0.202111181127/tools/bin/../lib/gcc/arm-none-eabi/10.3.1/../../../../arm-none-eabi/lib/thumb/v7e-m+dp/hard\libc_nano.a(lib_a-impure.o)
                0x0000000024000014                _impure_ptr
 .data.impure_data
                0x0000000024000018       0x60 d:/programs/st/stm32cubeide_1.10.1/stm32cubeide/plugins/com.st.stm32cube.ide.mcu.externaltools.gnu-tools-for-stm32.10.3-2021.10.win32_1.0.0.202111181127/tools/bin/../lib/gcc/arm-none-eabi/10.3.1/../../../../arm-none-eabi/lib/thumb/v7e-m+dp/hard\libc_nano.a(lib_a-impure.o)
 *(.RamFunc)
 *(.RamFunc*)
                0x0000000024000078                . = ALIGN (0x4)
                0x0000000024000078                _edata = .

.igot.plt       0x0000000024000078        0x0 load address 0x00000000080096b0
 .igot.plt      0x0000000024000078        0x0 d:/programs/st/stm32cubeide_1.10.1/stm32cubeide/plugins/com.st.stm32cube.ide.mcu.externaltools.gnu-tools-for-stm32.10.3-2021.10.win32_1.0.0.202111181127/tools/bin/../lib/gcc/arm-none-eabi/10.3.1/thumb/v7e-m+dp/hard/crtbegin.o
                0x0000000024000078                . = ALIGN (0x4)

.bss            0x0000000024000078      0x244 load address 0x00000000080096b0
                0x0000000024000078                _sbss = .
                0x0000000024000078                __bss_start__ = _sbss
 *(.bss)
 .bss           0x0000000024000078       0x1c d:/programs/st/stm32cubeide_1.10.1/stm32cubeide/plugins/com.st.stm32cube.ide.mcu.externaltools.gnu-tools-for-stm32.10.3-2021.10.win32_1.0.0.202111181127/tools/bin/../lib/gcc/arm-none-eabi/10.3.1/thumb/v7e-m+dp/hard/crtbegin.o
 *(.bss*)
 .bss.hadc3     0x0000000024000094       0x64 ./Core/Src/main.o
                0x0000000024000094                hadc3
 .bss.hfdcan1   0x00000000240000f8       0xa0 ./Core/Src/main.o
                0x00000000240000f8                hfdcan1
 .bss.huart3    0x0000000024000198       0x90 ./Core/Src/main.o
                0x0000000024000198                huart3
 .bss.sFilterConfig
                0x0000000024000228       0x20 ./Core/Src/main.o
                0x0000000024000228                sFilterConfig
 .bss.TxHeader  0x0000000024000248       0x24 ./Core/Src/main.o
                0x0000000024000248                TxHeader
 .bss.RxHeader  0x000000002400026c       0x28 ./Core/Src/main.o
                0x000000002400026c                RxHeader
 .bss.RxData    0x0000000024000294        0x8 ./Core/Src/main.o
                0x0000000024000294                RxData
 .bss.tireReadings
                0x000000002400029c        0x8 ./Core/Src/main.o
                0x000000002400029c                tireReadings
 .bss.__sbrk_heap_end
                0x00000000240002a4        0x4 ./Core/Src/sysmem.o
 .bss.uwTick    0x00000000240002a8        0x4 ./Drivers/STM32H7xx_HAL_Driver/stm32h7xx_hal.o
                0x00000000240002a8                uwTick
 .bss.__lock___malloc_recursive_mutex
                0x00000000240002ac        0x1 d:/programs/st/stm32cubeide_1.10.1/stm32cubeide/plugins/com.st.stm32cube.ide.mcu.externaltools.gnu-tools-for-stm32.10.3-2021.10.win32_1.0.0.202111181127/tools/bin/../lib/gcc/arm-none-eabi/10.3.1/../../../../arm-none-eabi/lib/thumb/v7e-m+dp/hard\libc_nano.a(lib_a-lock.o)
                0x00000000240002ac                __lock___malloc_recursive_mutex
 .bss.__lock___sfp_recursive_mutex
                0x00000000240002ad        0x1 d:/programs/st/stm32cubeide_1.10.1/stm32cubeide/plugins/com.st.stm32cube.ide.mcu.externaltools.gnu-tools-for-stm32.10.3-2021.10.win32_1.0.0.202111181127/tools/bin/../lib/gcc/arm-none-eabi/10.3.1/../../../../arm-none-eabi/lib/thumb/v7e-m+dp/hard\libc_nano.a(lib_a-lock.o)
                0x00000000240002ad                __lock___sfp_recursive_mutex
 .bss.__lock___sinit_recursive_mutex
                0x00000000240002ae        0x1 d:/programs/st/stm32cubeide_1.10.1/stm32cubeide/plugins/com.st.stm32cube.ide.mcu.externaltools.gnu-tools-for-stm32.10.3-2021.10.win32_1.0.0.202111181127/tools/bin/../lib/gcc/arm-none-eabi/10.3.1/../../../../arm-none-eabi/lib/thumb/v7e-m+dp/hard\libc_nano.a(lib_a-lock.o)
                0x00000000240002ae                __lock___sinit_recursive_mutex
 *fill*         0x00000000240002af        0x1 
 .bss.__malloc_free_list
                0x00000000240002b0        0x4 d:/programs/st/stm32cubeide_1.10.1/stm32cubeide/plugins/com.st.stm32cube.ide.mcu.externaltools.gnu-tools-for-stm32.10.3-2021.10.win32_1.0.0.202111181127/tools/bin/../lib/gcc/arm-none-eabi/10.3.1/../../../../arm-none-eabi/lib/thumb/v7e-m+dp/hard\libc_nano.a(lib_a-nano-mallocr.o)
                0x00000000240002b0                __malloc_free_list
 .bss.__malloc_sbrk_start
                0x00000000240002b4        0x4 d:/programs/st/stm32cubeide_1.10.1/stm32cubeide/plugins/com.st.stm32cube.ide.mcu.externaltools.gnu-tools-for-stm32.10.3-2021.10.win32_1.0.0.202111181127/tools/bin/../lib/gcc/arm-none-eabi/10.3.1/../../../../arm-none-eabi/lib/thumb/v7e-m+dp/hard\libc_nano.a(lib_a-nano-mallocr.o)
                0x00000000240002b4                __malloc_sbrk_start
 .bss.errno     0x00000000240002b8        0x4 d:/programs/st/stm32cubeide_1.10.1/stm32cubeide/plugins/com.st.stm32cube.ide.mcu.externaltools.gnu-tools-for-stm32.10.3-2021.10.win32_1.0.0.202111181127/tools/bin/../lib/gcc/arm-none-eabi/10.3.1/../../../../arm-none-eabi/lib/thumb/v7e-m+dp/hard\libc_nano.a(lib_a-reent.o)
                0x00000000240002b8                errno
 *(COMMON)
                0x00000000240002bc                . = ALIGN (0x4)
                0x00000000240002bc                _ebss = .
                0x00000000240002bc                __bss_end__ = _ebss

._user_heap_stack
                0x00000000240002bc      0x604 load address 0x00000000080096b0
                0x00000000240002c0                . = ALIGN (0x8)
 *fill*         0x00000000240002bc        0x4 
                [!provide]                        PROVIDE (end = .)
                0x00000000240002c0                PROVIDE (_end = .)
                0x00000000240004c0                . = (. + _Min_Heap_Size)
 *fill*         0x00000000240002c0      0x200 
                0x00000000240008c0                . = (. + _Min_Stack_Size)
 *fill*         0x00000000240004c0      0x400 
                0x00000000240008c0                . = ALIGN (0x8)

/DISCARD/
 libc.a(*)
 libm.a(*)
 libgcc.a(*)

.ARM.attributes
                0x0000000000000000       0x2e
 *(.ARM.attributes)
 .ARM.attributes
                0x0000000000000000       0x1e d:/programs/st/stm32cubeide_1.10.1/stm32cubeide/plugins/com.st.stm32cube.ide.mcu.externaltools.gnu-tools-for-stm32.10.3-2021.10.win32_1.0.0.202111181127/tools/bin/../lib/gcc/arm-none-eabi/10.3.1/thumb/v7e-m+dp/hard/crti.o
 .ARM.attributes
                0x000000000000001e       0x32 d:/programs/st/stm32cubeide_1.10.1/stm32cubeide/plugins/com.st.stm32cube.ide.mcu.externaltools.gnu-tools-for-stm32.10.3-2021.10.win32_1.0.0.202111181127/tools/bin/../lib/gcc/arm-none-eabi/10.3.1/thumb/v7e-m+dp/hard/crtbegin.o
 .ARM.attributes
                0x0000000000000050       0x32 ./Common/Src/system_stm32h7xx_dualcore_boot_cm4_cm7.o
 .ARM.attributes
                0x0000000000000082       0x32 ./Core/Src/main.o
 .ARM.attributes
                0x00000000000000b4       0x32 ./Core/Src/myprintf.o
 .ARM.attributes
                0x00000000000000e6       0x32 ./Core/Src/stm32h7xx_hal_msp.o
 .ARM.attributes
                0x0000000000000118       0x32 ./Core/Src/stm32h7xx_it.o
 .ARM.attributes
                0x000000000000014a       0x32 ./Core/Src/syscalls.o
 .ARM.attributes
                0x000000000000017c       0x32 ./Core/Src/sysmem.o
 .ARM.attributes
                0x00000000000001ae       0x21 ./Core/Startup/startup_stm32h745zitx.o
 .ARM.attributes
                0x00000000000001cf       0x32 ./Drivers/STM32H7xx_HAL_Driver/stm32h7xx_hal.o
 .ARM.attributes
                0x0000000000000201       0x32 ./Drivers/STM32H7xx_HAL_Driver/stm32h7xx_hal_adc.o
 .ARM.attributes
                0x0000000000000233       0x32 ./Drivers/STM32H7xx_HAL_Driver/stm32h7xx_hal_cortex.o
 .ARM.attributes
                0x0000000000000265       0x32 ./Drivers/STM32H7xx_HAL_Driver/stm32h7xx_hal_fdcan.o
 .ARM.attributes
                0x0000000000000297       0x32 ./Drivers/STM32H7xx_HAL_Driver/stm32h7xx_hal_gpio.o
 .ARM.attributes
                0x00000000000002c9       0x32 ./Drivers/STM32H7xx_HAL_Driver/stm32h7xx_hal_hsem.o
 .ARM.attributes
                0x00000000000002fb       0x32 ./Drivers/STM32H7xx_HAL_Driver/stm32h7xx_hal_pwr_ex.o
 .ARM.attributes
                0x000000000000032d       0x32 ./Drivers/STM32H7xx_HAL_Driver/stm32h7xx_hal_rcc.o
 .ARM.attributes
                0x000000000000035f       0x32 ./Drivers/STM32H7xx_HAL_Driver/stm32h7xx_hal_rcc_ex.o
 .ARM.attributes
                0x0000000000000391       0x32 ./Drivers/STM32H7xx_HAL_Driver/stm32h7xx_hal_uart.o
 .ARM.attributes
                0x00000000000003c3       0x32 ./Drivers/STM32H7xx_HAL_Driver/stm32h7xx_hal_uart_ex.o
 .ARM.attributes
                0x00000000000003f5       0x32 d:/programs/st/stm32cubeide_1.10.1/stm32cubeide/plugins/com.st.stm32cube.ide.mcu.externaltools.gnu-tools-for-stm32.10.3-2021.10.win32_1.0.0.202111181127/tools/bin/../lib/gcc/arm-none-eabi/10.3.1/../../../../arm-none-eabi/lib/thumb/v7e-m+dp/hard\libc_nano.a(lib_a-errno.o)
 .ARM.attributes
                0x0000000000000427       0x32 d:/programs/st/stm32cubeide_1.10.1/stm32cubeide/plugins/com.st.stm32cube.ide.mcu.externaltools.gnu-tools-for-stm32.10.3-2021.10.win32_1.0.0.202111181127/tools/bin/../lib/gcc/arm-none-eabi/10.3.1/../../../../arm-none-eabi/lib/thumb/v7e-m+dp/hard\libc_nano.a(lib_a-impure.o)
 .ARM.attributes
                0x0000000000000459       0x32 d:/programs/st/stm32cubeide_1.10.1/stm32cubeide/plugins/com.st.stm32cube.ide.mcu.externaltools.gnu-tools-for-stm32.10.3-2021.10.win32_1.0.0.202111181127/tools/bin/../lib/gcc/arm-none-eabi/10.3.1/../../../../arm-none-eabi/lib/thumb/v7e-m+dp/hard\libc_nano.a(lib_a-init.o)
 .ARM.attributes
                0x000000000000048b       0x32 d:/programs/st/stm32cubeide_1.10.1/stm32cubeide/plugins/com.st.stm32cube.ide.mcu.externaltools.gnu-tools-for-stm32.10.3-2021.10.win32_1.0.0.202111181127/tools/bin/../lib/gcc/arm-none-eabi/10.3.1/../../../../arm-none-eabi/lib/thumb/v7e-m+dp/hard\libc_nano.a(lib_a-memcpy-stub.o)
 .ARM.attributes
                0x00000000000004bd       0x32 d:/programs/st/stm32cubeide_1.10.1/stm32cubeide/plugins/com.st.stm32cube.ide.mcu.externaltools.gnu-tools-for-stm32.10.3-2021.10.win32_1.0.0.202111181127/tools/bin/../lib/gcc/arm-none-eabi/10.3.1/../../../../arm-none-eabi/lib/thumb/v7e-m+dp/hard\libc_nano.a(lib_a-memset.o)
 .ARM.attributes
                0x00000000000004ef       0x32 d:/programs/st/stm32cubeide_1.10.1/stm32cubeide/plugins/com.st.stm32cube.ide.mcu.externaltools.gnu-tools-for-stm32.10.3-2021.10.win32_1.0.0.202111181127/tools/bin/../lib/gcc/arm-none-eabi/10.3.1/../../../../arm-none-eabi/lib/thumb/v7e-m+dp/hard\libc_nano.a(lib_a-printf.o)
 .ARM.attributes
                0x0000000000000521       0x32 d:/programs/st/stm32cubeide_1.10.1/stm32cubeide/plugins/com.st.stm32cube.ide.mcu.externaltools.gnu-tools-for-stm32.10.3-2021.10.win32_1.0.0.202111181127/tools/bin/../lib/gcc/arm-none-eabi/10.3.1/../../../../arm-none-eabi/lib/thumb/v7e-m+dp/hard\libc_nano.a(lib_a-findfp.o)
 .ARM.attributes
                0x0000000000000553       0x32 d:/programs/st/stm32cubeide_1.10.1/stm32cubeide/plugins/com.st.stm32cube.ide.mcu.externaltools.gnu-tools-for-stm32.10.3-2021.10.win32_1.0.0.202111181127/tools/bin/../lib/gcc/arm-none-eabi/10.3.1/../../../../arm-none-eabi/lib/thumb/v7e-m+dp/hard\libc_nano.a(lib_a-fwalk.o)
 .ARM.attributes
                0x0000000000000585       0x32 d:/programs/st/stm32cubeide_1.10.1/stm32cubeide/plugins/com.st.stm32cube.ide.mcu.externaltools.gnu-tools-for-stm32.10.3-2021.10.win32_1.0.0.202111181127/tools/bin/../lib/gcc/arm-none-eabi/10.3.1/../../../../arm-none-eabi/lib/thumb/v7e-m+dp/hard\libc_nano.a(lib_a-lock.o)
 .ARM.attributes
                0x00000000000005b7       0x32 d:/programs/st/stm32cubeide_1.10.1/stm32cubeide/plugins/com.st.stm32cube.ide.mcu.externaltools.gnu-tools-for-stm32.10.3-2021.10.win32_1.0.0.202111181127/tools/bin/../lib/gcc/arm-none-eabi/10.3.1/../../../../arm-none-eabi/lib/thumb/v7e-m+dp/hard\libc_nano.a(lib_a-nano-mallocr.o)
 .ARM.attributes
                0x00000000000005e9       0x32 d:/programs/st/stm32cubeide_1.10.1/stm32cubeide/plugins/com.st.stm32cube.ide.mcu.externaltools.gnu-tools-for-stm32.10.3-2021.10.win32_1.0.0.202111181127/tools/bin/../lib/gcc/arm-none-eabi/10.3.1/../../../../arm-none-eabi/lib/thumb/v7e-m+dp/hard\libc_nano.a(lib_a-nano-vfprintf.o)
 .ARM.attributes
                0x000000000000061b       0x32 d:/programs/st/stm32cubeide_1.10.1/stm32cubeide/plugins/com.st.stm32cube.ide.mcu.externaltools.gnu-tools-for-stm32.10.3-2021.10.win32_1.0.0.202111181127/tools/bin/../lib/gcc/arm-none-eabi/10.3.1/../../../../arm-none-eabi/lib/thumb/v7e-m+dp/hard\libc_nano.a(lib_a-nano-vfprintf_i.o)
 .ARM.attributes
                0x000000000000064d       0x32 d:/programs/st/stm32cubeide_1.10.1/stm32cubeide/plugins/com.st.stm32cube.ide.mcu.externaltools.gnu-tools-for-stm32.10.3-2021.10.win32_1.0.0.202111181127/tools/bin/../lib/gcc/arm-none-eabi/10.3.1/../../../../arm-none-eabi/lib/thumb/v7e-m+dp/hard\libc_nano.a(lib_a-sbrkr.o)
 .ARM.attributes
                0x000000000000067f       0x32 d:/programs/st/stm32cubeide_1.10.1/stm32cubeide/plugins/com.st.stm32cube.ide.mcu.externaltools.gnu-tools-for-stm32.10.3-2021.10.win32_1.0.0.202111181127/tools/bin/../lib/gcc/arm-none-eabi/10.3.1/../../../../arm-none-eabi/lib/thumb/v7e-m+dp/hard\libc_nano.a(lib_a-stdio.o)
 .ARM.attributes
                0x00000000000006b1       0x32 d:/programs/st/stm32cubeide_1.10.1/stm32cubeide/plugins/com.st.stm32cube.ide.mcu.externaltools.gnu-tools-for-stm32.10.3-2021.10.win32_1.0.0.202111181127/tools/bin/../lib/gcc/arm-none-eabi/10.3.1/../../../../arm-none-eabi/lib/thumb/v7e-m+dp/hard\libc_nano.a(lib_a-wbuf.o)
 .ARM.attributes
                0x00000000000006e3       0x32 d:/programs/st/stm32cubeide_1.10.1/stm32cubeide/plugins/com.st.stm32cube.ide.mcu.externaltools.gnu-tools-for-stm32.10.3-2021.10.win32_1.0.0.202111181127/tools/bin/../lib/gcc/arm-none-eabi/10.3.1/../../../../arm-none-eabi/lib/thumb/v7e-m+dp/hard\libc_nano.a(lib_a-writer.o)
 .ARM.attributes
                0x0000000000000715       0x32 d:/programs/st/stm32cubeide_1.10.1/stm32cubeide/plugins/com.st.stm32cube.ide.mcu.externaltools.gnu-tools-for-stm32.10.3-2021.10.win32_1.0.0.202111181127/tools/bin/../lib/gcc/arm-none-eabi/10.3.1/../../../../arm-none-eabi/lib/thumb/v7e-m+dp/hard\libc_nano.a(lib_a-wsetup.o)
 .ARM.attributes
                0x0000000000000747       0x32 d:/programs/st/stm32cubeide_1.10.1/stm32cubeide/plugins/com.st.stm32cube.ide.mcu.externaltools.gnu-tools-for-stm32.10.3-2021.10.win32_1.0.0.202111181127/tools/bin/../lib/gcc/arm-none-eabi/10.3.1/../../../../arm-none-eabi/lib/thumb/v7e-m+dp/hard\libc_nano.a(lib_a-closer.o)
 .ARM.attributes
                0x0000000000000779       0x32 d:/programs/st/stm32cubeide_1.10.1/stm32cubeide/plugins/com.st.stm32cube.ide.mcu.externaltools.gnu-tools-for-stm32.10.3-2021.10.win32_1.0.0.202111181127/tools/bin/../lib/gcc/arm-none-eabi/10.3.1/../../../../arm-none-eabi/lib/thumb/v7e-m+dp/hard\libc_nano.a(lib_a-fflush.o)
 .ARM.attributes
                0x00000000000007ab       0x32 d:/programs/st/stm32cubeide_1.10.1/stm32cubeide/plugins/com.st.stm32cube.ide.mcu.externaltools.gnu-tools-for-stm32.10.3-2021.10.win32_1.0.0.202111181127/tools/bin/../lib/gcc/arm-none-eabi/10.3.1/../../../../arm-none-eabi/lib/thumb/v7e-m+dp/hard\libc_nano.a(lib_a-lseekr.o)
 .ARM.attributes
                0x00000000000007dd       0x32 d:/programs/st/stm32cubeide_1.10.1/stm32cubeide/plugins/com.st.stm32cube.ide.mcu.externaltools.gnu-tools-for-stm32.10.3-2021.10.win32_1.0.0.202111181127/tools/bin/../lib/gcc/arm-none-eabi/10.3.1/../../../../arm-none-eabi/lib/thumb/v7e-m+dp/hard\libc_nano.a(lib_a-makebuf.o)
 .ARM.attributes
                0x000000000000080f       0x1c d:/programs/st/stm32cubeide_1.10.1/stm32cubeide/plugins/com.st.stm32cube.ide.mcu.externaltools.gnu-tools-for-stm32.10.3-2021.10.win32_1.0.0.202111181127/tools/bin/../lib/gcc/arm-none-eabi/10.3.1/../../../../arm-none-eabi/lib/thumb/v7e-m+dp/hard\libc_nano.a(lib_a-memchr.o)
 .ARM.attributes
                0x000000000000082b       0x32 d:/programs/st/stm32cubeide_1.10.1/stm32cubeide/plugins/com.st.stm32cube.ide.mcu.externaltools.gnu-tools-for-stm32.10.3-2021.10.win32_1.0.0.202111181127/tools/bin/../lib/gcc/arm-none-eabi/10.3.1/../../../../arm-none-eabi/lib/thumb/v7e-m+dp/hard\libc_nano.a(lib_a-mlock.o)
 .ARM.attributes
                0x000000000000085d       0x32 d:/programs/st/stm32cubeide_1.10.1/stm32cubeide/plugins/com.st.stm32cube.ide.mcu.externaltools.gnu-tools-for-stm32.10.3-2021.10.win32_1.0.0.202111181127/tools/bin/../lib/gcc/arm-none-eabi/10.3.1/../../../../arm-none-eabi/lib/thumb/v7e-m+dp/hard\libc_nano.a(lib_a-nano-freer.o)
 .ARM.attributes
                0x000000000000088f       0x32 d:/programs/st/stm32cubeide_1.10.1/stm32cubeide/plugins/com.st.stm32cube.ide.mcu.externaltools.gnu-tools-for-stm32.10.3-2021.10.win32_1.0.0.202111181127/tools/bin/../lib/gcc/arm-none-eabi/10.3.1/../../../../arm-none-eabi/lib/thumb/v7e-m+dp/hard\libc_nano.a(lib_a-readr.o)
 .ARM.attributes
                0x00000000000008c1       0x32 d:/programs/st/stm32cubeide_1.10.1/stm32cubeide/plugins/com.st.stm32cube.ide.mcu.externaltools.gnu-tools-for-stm32.10.3-2021.10.win32_1.0.0.202111181127/tools/bin/../lib/gcc/arm-none-eabi/10.3.1/../../../../arm-none-eabi/lib/thumb/v7e-m+dp/hard\libc_nano.a(lib_a-reent.o)
 .ARM.attributes
                0x00000000000008f3       0x32 d:/programs/st/stm32cubeide_1.10.1/stm32cubeide/plugins/com.st.stm32cube.ide.mcu.externaltools.gnu-tools-for-stm32.10.3-2021.10.win32_1.0.0.202111181127/tools/bin/../lib/gcc/arm-none-eabi/10.3.1/../../../../arm-none-eabi/lib/thumb/v7e-m+dp/hard\libc_nano.a(lib_a-fstatr.o)
 .ARM.attributes
                0x0000000000000925       0x32 d:/programs/st/stm32cubeide_1.10.1/stm32cubeide/plugins/com.st.stm32cube.ide.mcu.externaltools.gnu-tools-for-stm32.10.3-2021.10.win32_1.0.0.202111181127/tools/bin/../lib/gcc/arm-none-eabi/10.3.1/../../../../arm-none-eabi/lib/thumb/v7e-m+dp/hard\libc_nano.a(lib_a-isattyr.o)
 .ARM.attributes
                0x0000000000000957       0x1e d:/programs/st/stm32cubeide_1.10.1/stm32cubeide/plugins/com.st.stm32cube.ide.mcu.externaltools.gnu-tools-for-stm32.10.3-2021.10.win32_1.0.0.202111181127/tools/bin/../lib/gcc/arm-none-eabi/10.3.1/thumb/v7e-m+dp/hard\libgcc.a(_aeabi_uldivmod.o)
 .ARM.attributes
                0x0000000000000975       0x32 d:/programs/st/stm32cubeide_1.10.1/stm32cubeide/plugins/com.st.stm32cube.ide.mcu.externaltools.gnu-tools-for-stm32.10.3-2021.10.win32_1.0.0.202111181127/tools/bin/../lib/gcc/arm-none-eabi/10.3.1/thumb/v7e-m+dp/hard\libgcc.a(_udivmoddi4.o)
 .ARM.attributes
                0x00000000000009a7       0x1e d:/programs/st/stm32cubeide_1.10.1/stm32cubeide/plugins/com.st.stm32cube.ide.mcu.externaltools.gnu-tools-for-stm32.10.3-2021.10.win32_1.0.0.202111181127/tools/bin/../lib/gcc/arm-none-eabi/10.3.1/thumb/v7e-m+dp/hard\libgcc.a(_dvmd_tls.o)
 .ARM.attributes
                0x00000000000009c5       0x1e d:/programs/st/stm32cubeide_1.10.1/stm32cubeide/plugins/com.st.stm32cube.ide.mcu.externaltools.gnu-tools-for-stm32.10.3-2021.10.win32_1.0.0.202111181127/tools/bin/../lib/gcc/arm-none-eabi/10.3.1/thumb/v7e-m+dp/hard/crtn.o
OUTPUT(stm32_h7_canDevices_CM7.elf elf32-littlearm)
LOAD linker stubs
LOAD d:/programs/st/stm32cubeide_1.10.1/stm32cubeide/plugins/com.st.stm32cube.ide.mcu.externaltools.gnu-tools-for-stm32.10.3-2021.10.win32_1.0.0.202111181127/tools/bin/../lib/gcc/arm-none-eabi/10.3.1/../../../../arm-none-eabi/lib/thumb/v7e-m+dp/hard\libc.a
LOAD d:/programs/st/stm32cubeide_1.10.1/stm32cubeide/plugins/com.st.stm32cube.ide.mcu.externaltools.gnu-tools-for-stm32.10.3-2021.10.win32_1.0.0.202111181127/tools/bin/../lib/gcc/arm-none-eabi/10.3.1/../../../../arm-none-eabi/lib/thumb/v7e-m+dp/hard\libm.a
LOAD d:/programs/st/stm32cubeide_1.10.1/stm32cubeide/plugins/com.st.stm32cube.ide.mcu.externaltools.gnu-tools-for-stm32.10.3-2021.10.win32_1.0.0.202111181127/tools/bin/../lib/gcc/arm-none-eabi/10.3.1/thumb/v7e-m+dp/hard\libgcc.a

.debug_info     0x0000000000000000    0x17d4d
 .debug_info    0x0000000000000000      0xdca ./Common/Src/system_stm32h7xx_dualcore_boot_cm4_cm7.o
 .debug_info    0x0000000000000dca     0x2584 ./Core/Src/main.o
 .debug_info    0x000000000000334e      0x7fc ./Core/Src/myprintf.o
 .debug_info    0x0000000000003b4a     0x1d77 ./Core/Src/stm32h7xx_hal_msp.o
 .debug_info    0x00000000000058c1      0x137 ./Core/Src/stm32h7xx_it.o
 .debug_info    0x00000000000059f8      0x6e0 ./Core/Src/syscalls.o
 .debug_info    0x00000000000060d8      0x171 ./Core/Src/sysmem.o
 .debug_info    0x0000000000006249       0x22 ./Core/Startup/startup_stm32h745zitx.o
 .debug_info    0x000000000000626b     0x1826 ./Drivers/STM32H7xx_HAL_Driver/stm32h7xx_hal.o
 .debug_info    0x0000000000007a91     0x1fbb ./Drivers/STM32H7xx_HAL_Driver/stm32h7xx_hal_adc.o
 .debug_info    0x0000000000009a4c     0x118b ./Drivers/STM32H7xx_HAL_Driver/stm32h7xx_hal_cortex.o
 .debug_info    0x000000000000abd7     0x2dae ./Drivers/STM32H7xx_HAL_Driver/stm32h7xx_hal_fdcan.o
 .debug_info    0x000000000000d985      0xde0 ./Drivers/STM32H7xx_HAL_Driver/stm32h7xx_hal_gpio.o
 .debug_info    0x000000000000e765      0x3fd ./Drivers/STM32H7xx_HAL_Driver/stm32h7xx_hal_hsem.o
 .debug_info    0x000000000000eb62     0x12c2 ./Drivers/STM32H7xx_HAL_Driver/stm32h7xx_hal_pwr_ex.o
 .debug_info    0x000000000000fe24      0xf48 ./Drivers/STM32H7xx_HAL_Driver/stm32h7xx_hal_rcc.o
 .debug_info    0x0000000000010d6c     0x1394 ./Drivers/STM32H7xx_HAL_Driver/stm32h7xx_hal_rcc_ex.o
 .debug_info    0x0000000000012100     0x4c42 ./Drivers/STM32H7xx_HAL_Driver/stm32h7xx_hal_uart.o
 .debug_info    0x0000000000016d42     0x100b ./Drivers/STM32H7xx_HAL_Driver/stm32h7xx_hal_uart_ex.o

.debug_abbrev   0x0000000000000000     0x26d1
 .debug_abbrev  0x0000000000000000      0x147 ./Common/Src/system_stm32h7xx_dualcore_boot_cm4_cm7.o
 .debug_abbrev  0x0000000000000147      0x2ca ./Core/Src/main.o
 .debug_abbrev  0x0000000000000411      0x14e ./Core/Src/myprintf.o
 .debug_abbrev  0x000000000000055f      0x238 ./Core/Src/stm32h7xx_hal_msp.o
 .debug_abbrev  0x0000000000000797       0x74 ./Core/Src/stm32h7xx_it.o
 .debug_abbrev  0x000000000000080b      0x1b3 ./Core/Src/syscalls.o
 .debug_abbrev  0x00000000000009be       0xbb ./Core/Src/sysmem.o
 .debug_abbrev  0x0000000000000a79       0x12 ./Core/Startup/startup_stm32h745zitx.o
 .debug_abbrev  0x0000000000000a8b      0x289 ./Drivers/STM32H7xx_HAL_Driver/stm32h7xx_hal.o
 .debug_abbrev  0x0000000000000d14      0x2ae ./Drivers/STM32H7xx_HAL_Driver/stm32h7xx_hal_adc.o
 .debug_abbrev  0x0000000000000fc2      0x329 ./Drivers/STM32H7xx_HAL_Driver/stm32h7xx_hal_cortex.o
 .debug_abbrev  0x00000000000012eb      0x278 ./Drivers/STM32H7xx_HAL_Driver/stm32h7xx_hal_fdcan.o
 .debug_abbrev  0x0000000000001563      0x1ec ./Drivers/STM32H7xx_HAL_Driver/stm32h7xx_hal_gpio.o
 .debug_abbrev  0x000000000000174f      0x1d0 ./Drivers/STM32H7xx_HAL_Driver/stm32h7xx_hal_hsem.o
 .debug_abbrev  0x000000000000191f      0x2bc ./Drivers/STM32H7xx_HAL_Driver/stm32h7xx_hal_pwr_ex.o
 .debug_abbrev  0x0000000000001bdb      0x2b8 ./Drivers/STM32H7xx_HAL_Driver/stm32h7xx_hal_rcc.o
 .debug_abbrev  0x0000000000001e93      0x25c ./Drivers/STM32H7xx_HAL_Driver/stm32h7xx_hal_rcc_ex.o
 .debug_abbrev  0x00000000000020ef      0x325 ./Drivers/STM32H7xx_HAL_Driver/stm32h7xx_hal_uart.o
 .debug_abbrev  0x0000000000002414      0x2bd ./Drivers/STM32H7xx_HAL_Driver/stm32h7xx_hal_uart_ex.o

.debug_aranges  0x0000000000000000     0x1160
 .debug_aranges
                0x0000000000000000       0x28 ./Common/Src/system_stm32h7xx_dualcore_boot_cm4_cm7.o
 .debug_aranges
                0x0000000000000028       0x50 ./Core/Src/main.o
 .debug_aranges
                0x0000000000000078       0x20 ./Core/Src/myprintf.o
 .debug_aranges
                0x0000000000000098       0x50 ./Core/Src/stm32h7xx_hal_msp.o
 .debug_aranges
                0x00000000000000e8       0x60 ./Core/Src/stm32h7xx_it.o
 .debug_aranges
                0x0000000000000148       0xa8 ./Core/Src/syscalls.o
 .debug_aranges
                0x00000000000001f0       0x20 ./Core/Src/sysmem.o
 .debug_aranges
                0x0000000000000210       0x28 ./Core/Startup/startup_stm32h745zitx.o
 .debug_aranges
                0x0000000000000238      0x200 ./Drivers/STM32H7xx_HAL_Driver/stm32h7xx_hal.o
 .debug_aranges
                0x0000000000000438      0x228 ./Drivers/STM32H7xx_HAL_Driver/stm32h7xx_hal_adc.o
 .debug_aranges
                0x0000000000000660      0x120 ./Drivers/STM32H7xx_HAL_Driver/stm32h7xx_hal_cortex.o
 .debug_aranges
                0x0000000000000780      0x338 ./Drivers/STM32H7xx_HAL_Driver/stm32h7xx_hal_fdcan.o
 .debug_aranges
                0x0000000000000ab8       0x58 ./Drivers/STM32H7xx_HAL_Driver/stm32h7xx_hal_gpio.o
 .debug_aranges
                0x0000000000000b10       0x70 ./Drivers/STM32H7xx_HAL_Driver/stm32h7xx_hal_hsem.o
 .debug_aranges
                0x0000000000000b80      0x170 ./Drivers/STM32H7xx_HAL_Driver/stm32h7xx_hal_pwr_ex.o
 .debug_aranges
                0x0000000000000cf0       0x88 ./Drivers/STM32H7xx_HAL_Driver/stm32h7xx_hal_rcc.o
 .debug_aranges
                0x0000000000000d78      0x100 ./Drivers/STM32H7xx_HAL_Driver/stm32h7xx_hal_rcc_ex.o
 .debug_aranges
                0x0000000000000e78      0x248 ./Drivers/STM32H7xx_HAL_Driver/stm32h7xx_hal_uart.o
 .debug_aranges
                0x00000000000010c0       0xa0 ./Drivers/STM32H7xx_HAL_Driver/stm32h7xx_hal_uart_ex.o

.debug_ranges   0x0000000000000000     0x1068
 .debug_ranges  0x0000000000000000       0x18 ./Common/Src/system_stm32h7xx_dualcore_boot_cm4_cm7.o
 .debug_ranges  0x0000000000000018       0x40 ./Core/Src/main.o
 .debug_ranges  0x0000000000000058       0x10 ./Core/Src/myprintf.o
 .debug_ranges  0x0000000000000068       0x40 ./Core/Src/stm32h7xx_hal_msp.o
 .debug_ranges  0x00000000000000a8       0x50 ./Core/Src/stm32h7xx_it.o
 .debug_ranges  0x00000000000000f8       0x98 ./Core/Src/syscalls.o
 .debug_ranges  0x0000000000000190       0x10 ./Core/Src/sysmem.o
 .debug_ranges  0x00000000000001a0       0x20 ./Core/Startup/startup_stm32h745zitx.o
 .debug_ranges  0x00000000000001c0      0x1f0 ./Drivers/STM32H7xx_HAL_Driver/stm32h7xx_hal.o
 .debug_ranges  0x00000000000003b0      0x218 ./Drivers/STM32H7xx_HAL_Driver/stm32h7xx_hal_adc.o
 .debug_ranges  0x00000000000005c8      0x110 ./Drivers/STM32H7xx_HAL_Driver/stm32h7xx_hal_cortex.o
 .debug_ranges  0x00000000000006d8      0x328 ./Drivers/STM32H7xx_HAL_Driver/stm32h7xx_hal_fdcan.o
 .debug_ranges  0x0000000000000a00       0x48 ./Drivers/STM32H7xx_HAL_Driver/stm32h7xx_hal_gpio.o
 .debug_ranges  0x0000000000000a48       0x60 ./Drivers/STM32H7xx_HAL_Driver/stm32h7xx_hal_hsem.o
 .debug_ranges  0x0000000000000aa8      0x160 ./Drivers/STM32H7xx_HAL_Driver/stm32h7xx_hal_pwr_ex.o
 .debug_ranges  0x0000000000000c08       0x78 ./Drivers/STM32H7xx_HAL_Driver/stm32h7xx_hal_rcc.o
 .debug_ranges  0x0000000000000c80       0xf0 ./Drivers/STM32H7xx_HAL_Driver/stm32h7xx_hal_rcc_ex.o
 .debug_ranges  0x0000000000000d70      0x268 ./Drivers/STM32H7xx_HAL_Driver/stm32h7xx_hal_uart.o
 .debug_ranges  0x0000000000000fd8       0x90 ./Drivers/STM32H7xx_HAL_Driver/stm32h7xx_hal_uart_ex.o

.debug_macro    0x0000000000000000    0x3cc7d
 .debug_macro   0x0000000000000000      0x2c1 ./Common/Src/system_stm32h7xx_dualcore_boot_cm4_cm7.o
 .debug_macro   0x00000000000002c1      0xa96 ./Common/Src/system_stm32h7xx_dualcore_boot_cm4_cm7.o
 .debug_macro   0x0000000000000d57       0x2e ./Common/Src/system_stm32h7xx_dualcore_boot_cm4_cm7.o
 .debug_macro   0x0000000000000d85       0x49 ./Common/Src/system_stm32h7xx_dualcore_boot_cm4_cm7.o
 .debug_macro   0x0000000000000dce       0x22 ./Common/Src/system_stm32h7xx_dualcore_boot_cm4_cm7.o
 .debug_macro   0x0000000000000df0       0x8e ./Common/Src/system_stm32h7xx_dualcore_boot_cm4_cm7.o
 .debug_macro   0x0000000000000e7e       0x51 ./Common/Src/system_stm32h7xx_dualcore_boot_cm4_cm7.o
 .debug_macro   0x0000000000000ecf      0x103 ./Common/Src/system_stm32h7xx_dualcore_boot_cm4_cm7.o
 .debug_macro   0x0000000000000fd2       0x6a ./Common/Src/system_stm32h7xx_dualcore_boot_cm4_cm7.o